******************************************************************************
                  TI ARM Linker PC v20.2.7                     
******************************************************************************
>> Linked Fri May  5 09:40:08 2023

OUTPUT FILE NAME:   <Lab3_Slave.out>
ENTRY POINT SYMBOL: "_c_int00_noargs"  address: 20008ebd


MEMORY CONFIGURATION

         name            origin    length      used     unused   attr    fill
----------------------  --------  ---------  --------  --------  ----  --------
  SRAM_CODE             20004000   00013000  00005ad2  0000d52e  RW X
  SRAM_DATA             20017000   00019000  0000115b  00017ea5  RW X


SEGMENT ALLOCATION MAP

run origin  load origin   length   init length attrs members
----------  ----------- ---------- ----------- ----- -------
20004000    20004000    00005ad8   00005ad8    r-x
  20004000    20004000    00000400   00000400    r-- .intvecs
  20004400    20004400    00004e6a   00004e6a    r-x .text
  2000926c    2000926c    00000808   00000808    r-- .const
  20009a78    20009a78    00000060   00000060    r-- .cinit
20017000    20017000    0000095c   00000000    rw-
  20017000    20017000    00000800   00000000    rw- .sysmem
  20017800    20017800    00000113   00000000    rw- .bss
  20017914    20017914    00000048   00000000    rw- .data
2002f800    2002f800    00000800   00000000    rw-
  2002f800    2002f800    00000800   00000000    rw- .stack


SECTION ALLOCATION MAP

 output                                  attributes/
section   page    origin      length       input sections
--------  ----  ----------  ----------   ----------------
.intvecs   0    20004000    00000400     
                  20004000    00000400     startup_ccs.obj (.intvecs)

.init_array 
*          0    20004000    00000000     UNINITIALIZED

.text      0    20004400    00004e6a     
                  20004400    00000a80     Adafruit_GFX.obj (.text)
                  20004e80    00000a4e     rtsv7M4_T_le_eabi.lib : _printfi.c.obj (.text:__TI_printfi)
                  200058ce    00000712     test.obj (.text)
                  20005fe0    00000524     main.obj (.text)
                  20006504    000004ae     Adafruit_OLED.obj (.text)
                  200069b2    00000002     rtsv7M4_T_le_eabi.lib : _lock.c.obj (.text:_nop)
                  200069b4    0000027c     uart_if.obj (.text)
                  20006c30    00000268     rtsv7M4_T_le_eabi.lib : _printfi.c.obj (.text:_pconv_a)
                  20006e98    000001cc                           : _printfi.c.obj (.text:_pconv_g)
                  20007064    000001b6                           : fd_add_t2.asm.obj (.text)
                  2000721a    00000002                           : div0.asm.obj (.text)
                  2000721c    00000178     driverlib.a : prcm.obj (.text:PRCMCC3200MCUInit)
                  20007394    0000013c     rtsv7M4_T_le_eabi.lib : _printfi.c.obj (.text:_pconv_e)
                  200074d0    0000013c     pin_mux_config.obj (.text)
                  2000760c    00000136     rtsv7M4_T_le_eabi.lib : fd_div_t2.asm.obj (.text)
                  20007742    00000002     --HOLE-- [fill = 0]
                  20007744    00000120                           : _printfi.c.obj (.text:fcvt)
                  20007864    00000100                           : memory.c.obj (.text:aligned_alloc)
                  20007964    000000fc                           : fd_mul_t2.asm.obj (.text)
                  20007a60    000000e4                           : memory.c.obj (.text:free)
                  20007b44    000000e4                           : memory.c.obj (.text:realloc)
                  20007c28    000000d0     driverlib.a : spi.obj (.text:SPITransfer32)
                  20007cf8    000000d0     rtsv7M4_T_le_eabi.lib : s_scalbn.c.obj (.text:scalbn)
                  20007dc8    000000ce     driverlib.a : spi.obj (.text:SPITransfer16)
                  20007e96    000000b8                 : spi.obj (.text:SPITransfer8)
                  20007f4e    00000002     --HOLE-- [fill = 0]
                  20007f50    000000b1     rtsv7M4_T_le_eabi.lib : _printfi.c.obj (.text:_ltostr)
                  20008001    00000003     --HOLE-- [fill = 0]
                  20008004    000000a8     driverlib.a : interrupt.obj (.text:IntEnable)
                  200080ac    000000a0                 : spi.obj (.text:SPIConfigSetExpClk)
                  2000814c    0000009c     rtsv7M4_T_le_eabi.lib : memcpy_t2.asm.obj (.text)
                  200081e8    00000096                           : ull_div_t2.asm.obj (.text)
                  2000827e    00000002     --HOLE-- [fill = 0]
                  20008280    00000094     driverlib.a : prcm.obj (.text:PRCMPeripheralClockGet)
                  20008314    00000088                 : pin.obj (.text:PinConfigSet)
                  2000839c    00000088                 : spi.obj (.text:SPITransfer)
                  20008424    00000086     rtsv7M4_T_le_eabi.lib : fd_cmp_t2.asm.obj (.text:__aeabi_cdcmple)
                  200084aa    00000086                           : fd_cmp_t2.asm.obj (.text:__aeabi_cdrcmple)
                  20008530    0000007c     driverlib.a : spi.obj (.text:SPIIntStatus)
                  200085ac    0000007a     rtsv7M4_T_le_eabi.lib : memset_t2.asm.obj (.text)
                  20008626    00000076     driverlib.a : uart.obj (.text:UARTConfigSetExpClk)
                  2000869c    00000070     rtsv7M4_T_le_eabi.lib : memory.c.obj (.text:split)
                  2000870c    0000006e                           : _printfi.c.obj (.text:_mcpy)
                  2000877a    00000068                           : copy_decompress_lzss.c.obj (.text:decompress:lzss:__TI_decompress_lzss)
                  200087e2    00000002     --HOLE-- [fill = 0]
                  200087e4    0000005c                           : s_frexp.c.obj (.text:frexp)
                  20008840    00000058     driverlib.a : prcm.obj (.text:PRCMPeripheralReset)
                  20008898    00000056     rtsv7M4_T_le_eabi.lib : _printfi.c.obj (.text:_pconv_f)
                  200088ee    00000054                           : _ltoa.c.obj (.text:__TI_ltoa)
                  20008942    00000052                           : _printfi.c.obj (.text:_ecpy)
                  20008994    0000004c     driverlib.a : spi.obj (.text:SPIIntEnable)
                  200089e0    0000004c                 : spi.obj (.text:SPIIntNumberGet)
                  20008a2c    0000004c     rtsv7M4_T_le_eabi.lib : atoi.c.obj (.text:atoi)
                  20008a78    00000048     driverlib.a : spi.obj (.text:SPIIntClear)
                  20008ac0    00000048     rtsv7M4_T_le_eabi.lib : fd_toi_t2.asm.obj (.text)
                  20008b08    00000044     driverlib.a : spi.obj (.text:SPIDmaMaskGet)
                  20008b4c    00000044                 : uart.obj (.text:UARTIntNumberGet)
                  20008b90    00000044     rtsv7M4_T_le_eabi.lib : autoinit.c.obj (.text:__TI_auto_init_nobinit_nopinit:__TI_auto_init_nobinit_nopinit)
                  20008bd4    00000040     driverlib.a : pin.obj (.text:PinModeSet)
                  20008c14    00000040     rtsv7M4_T_le_eabi.lib : vsnprintf.c.obj (.text:vsnprintf)
                  20008c54    0000003e                           : _printfi.c.obj (.text:_fcpy)
                  20008c92    00000002     --HOLE-- [fill = 0]
                  20008c94    0000003c     driverlib.a : prcm.obj (.text:PRCMPeripheralClkEnable)
                  20008cd0    00000036                 : gpio.obj (.text:GPIODirModeSet)
                  20008d06    00000030                 : pin.obj (.text:PinTypeGPIO)
                  20008d36    00000002     --HOLE-- [fill = 0]
                  20008d38    00000030                 : uart.obj (.text:UARTDisable)
                  20008d68    00000030     rtsv7M4_T_le_eabi.lib : vsnprintf.c.obj (.text:_outs)
                  20008d98    0000002e                           : i_tofd_t2.asm.obj (.text)
                  20008dc6    00000002     --HOLE-- [fill = 0]
                  20008dc8    0000002c     driverlib.a : prcm.obj (.text:PRCMSysResetCauseGet)
                  20008df4    0000002a                 : spi.obj (.text:SPIDataGetNonBlocking)
                  20008e1e    00000002     --HOLE-- [fill = 0]
                  20008e20    00000028                 : prcm.obj (.text:PRCMPeripheralClkDisable)
                  20008e48    00000028     rtsv7M4_T_le_eabi.lib : memory.c.obj (.text:free_list_insert)
                  20008e70    00000028                           : memmov.c.obj (.text:memmove)
                  20008e98    00000024     driverlib.a : uart.obj (.text:UARTEnable)
                  20008ebc    00000024     rtsv7M4_T_le_eabi.lib : boot_cortex_m.c.obj (.text:_c_int00_noargs:_c_int00_noargs)
                  20008ee0    00000022     driverlib.a : spi.obj (.text:SPIReset)
                  20008f02    00000020                 : gpio.obj (.text:GPIOPinWrite)
                  20008f22    00000002     --HOLE-- [fill = 0]
                  20008f24    00000020                 : interrupt.obj (.text:IntRegister)
                  20008f44    00000020                 : spi.obj (.text:SPIDataGet)
                  20008f64    0000001e                 : spi.obj (.text:SPIDataPut)
                  20008f82    0000001e                 : spi.obj (.text:SPIIntRegister)
                  20008fa0    0000001e                 : uart.obj (.text:UARTCharPut)
                  20008fbe    0000001e                 : uart.obj (.text:UARTIntRegister)
                  20008fdc    0000001e                 : uart.obj (.text:UARTIntStatus)
                  20008ffa    0000001c                 : uart.obj (.text:UARTCharGetNonBlocking)
                  20009016    0000001c     rtsv7M4_T_le_eabi.lib : copy_zero_init.c.obj (.text:decompress:ZI:__TI_zero_init_nomemset:__TI_zero_init_nomemset)
                  20009032    00000002     --HOLE-- [fill = 0]
                  20009034    0000001c                           : memory.c.obj (.text:free_list_remove)
                  20009050    0000001c                           : memccpy.c.obj (.text:memccpy)
                  2000906c    0000001a     driverlib.a : pin.obj (.text:PinTypeSPI)
                  20009086    0000001a                 : pin.obj (.text:PinTypeUART)
                  200090a0    00000018                 : spi.obj (.text:SPICSDisable)
                  200090b8    00000018                 : spi.obj (.text:SPICSEnable)
                  200090d0    00000018                 : spi.obj (.text:SPIEnable)
                  200090e8    00000018                 : uart.obj (.text:UARTCharsAvail)
                  20009100    00000018                 : uart.obj (.text:UARTFIFOLevelSet)
                  20009118    00000018                 : uart.obj (.text:UARTIntEnable)
                  20009130    00000018     rtsv7M4_T_le_eabi.lib : vsnprintf.c.obj (.text:_outc)
                  20009148    00000016     driverlib.a : prcm.obj (.text:PRCMHIBRegRead)
                  2000915e    00000016                 : prcm.obj (.text:PRCMHIBRegWrite)
                  20009174    00000016                 : uart.obj (.text:UARTCharGet)
                  2000918a    00000016                 : uart.obj (.text:UARTFIFODisable)
                  200091a0    00000016     rtsv7M4_T_le_eabi.lib : strchr.c.obj (.text:strchr)
                  200091b6    00000014     driverlib.a : cpu.obj (.text:CPUcpsie)
                  200091ca    00000002     --HOLE-- [fill = 0]
                  200091cc    00000014                 : interrupt.obj (.text:IntVTableBaseSet)
                  200091e0    00000014     rtsv7M4_T_le_eabi.lib : strlen.c.obj (.text:strlen)
                  200091f4    00000012     driverlib.a : uart.obj (.text:UARTIntClear)
                  20009206    00000012     rtsv7M4_T_le_eabi.lib : wcslen.c.obj (.text:wcslen)
                  20009218    0000000e                           : copy_decompress_none.c.obj (.text:decompress:none:__TI_decompress_none)
                  20009226    0000000e     startup_ccs.obj (.text)
                  20009234    0000000c     rtsv7M4_T_le_eabi.lib : s_copysign.c.obj (.text:copysign)
                  20009240    0000000a     driverlib.a : interrupt.obj (.text:IntMasterEnable)
                  2000924a    00000002     --HOLE-- [fill = 0]
                  2000924c    00000008     rtsv7M4_T_le_eabi.lib : errno.c.obj (.text:__aeabi_errno_addr)
                  20009254    00000008                           : memory.c.obj (.text:malloc)
                  2000925c    00000006     driverlib.a : utils.obj (.text:UtilsDelay)
                  20009262    00000004     rtsv7M4_T_le_eabi.lib : pre_init.c.obj (.text:_system_pre_init)
                  20009266    00000004                           : exit.c.obj (.text:abort:abort)

.const     0    2000926c    00000808     
                  2000926c    000004fb     Adafruit_GFX.obj (.const:.string:font)
                  20009767    00000101     rtsv7M4_T_le_eabi.lib : ctype.c.obj (.const:.string:_ctypes_)
                  20009868    00000100     driverlib.a : pin.obj (.const:g_ulPinToPadMap)
                  20009968    000000a8                 : prcm.obj (.const:PRCM_PeriphRegsList)
                  20009a10    00000024                 : spi.obj (.const:g_ppulSPIIntMap)
                  20009a34    00000018                 : interrupt.obj (.const:g_pulEnRegs)
                  20009a4c    00000018                 : spi.obj (.const:g_ulSPIDmaMaskMap)
                  20009a64    00000010                 : uart.obj (.const:g_ppulUARTIntMap)

.cinit     0    20009a78    00000060     
                  20009a78    00000035     (.cinit..data.load) [load image, compression = lzss]
                  20009aad    00000003     --HOLE-- [fill = 0]
                  20009ab0    0000000c     (__TI_handler_table)
                  20009abc    00000004     --HOLE-- [fill = 0]
                  20009ac0    00000008     (.cinit..bss.load) [load image, compression = zero_init]
                  20009ac8    00000010     (__TI_cinit_table)

.sysmem    0    20017000    00000800     UNINITIALIZED
                  20017000    00000010     rtsv7M4_T_le_eabi.lib : memory.c.obj (.sysmem)
                  20017010    000007f0     --HOLE--

.bss       0    20017800    00000113     UNINITIALIZED
                  20017800    00000064     main.obj (.bss:g_ucRxBuff)
                  20017864    00000064     main.obj (.bss:g_ucTxBuff)
                  200178c8    00000040     (.common:buffer)
                  20017908    00000004     uart_if.obj (.bss)
                  2001790c    00000004     (.common:outStr)
                  20017910    00000002     main.obj (.bss)
                  20017912    00000001     (.common:uart_intflag)

.data      0    20017914    00000048     UNINITIALIZED
                  20017914    00000015     Adafruit_GFX.obj (.data)
                  20017929    00000003     --HOLE--
                  2001792c    00000014     main.obj (.data:colorset)
                  20017940    00000008     rtsv7M4_T_le_eabi.lib : _lock.c.obj (.data:$O1$$)
                  20017948    00000008                           : memory.c.obj (.data:$O1$$)
                  20017950    00000008     main.obj (.data)
                  20017958    00000004     rtsv7M4_T_le_eabi.lib : errno.c.obj (.data)

.stack     0    2002f800    00000800     UNINITIALIZED
                  2002f800    00000004     rtsv7M4_T_le_eabi.lib : boot_cortex_m.c.obj (.stack)
                  2002f804    000007fc     --HOLE--

__llvm_prf_cnts 
*          0    20017000    00000000     UNINITIALIZED

MODULE SUMMARY

       Module                       code    ro data   rw data
       ------                       ----    -------   -------
    .\
       Adafruit_GFX.obj             2688    1275      21     
       test.obj                     1810    0         0      
       main.obj                     1316    0         299    
       Adafruit_OLED.obj            1198    0         0      
       startup_ccs.obj              14      1024      0      
       uart_if.obj                  636     0         4      
       pin_mux_config.obj           316     0         0      
    +--+----------------------------+-------+---------+---------+
       Total:                       7978    2299      324    
                                                             
    C:/ti/CC3200SDK_1.5.0/cc3200-sdk/driverlib/ccs/Release/driverlib.a
       spi.obj                      1550    60        0      
       prcm.obj                     800     168       0      
       pin.obj                      300     256       0      
       uart.obj                     522     16        0      
       interrupt.obj                230     24        0      
       gpio.obj                     86      0         0      
       cpu.obj                      20      0         0      
       utils.obj                    6       0         0      
    +--+----------------------------+-------+---------+---------+
       Total:                       3514    524       0      
                                                             
    C:\ti\ccs1220\ccs\tools\compiler\ti-cgt-arm_20.2.7.LTS\lib\rtsv7M4_T_le_eabi.lib
       _printfi.c.obj               4835    0         0      
       memory.c.obj                 900     0         8      
       fd_add_t2.asm.obj            438     0         0      
       fd_div_t2.asm.obj            310     0         0      
       fd_cmp_t2.asm.obj            268     0         0      
       ctype.c.obj                  0       257       0      
       fd_mul_t2.asm.obj            252     0         0      
       s_scalbn.c.obj               208     0         0      
       memcpy_t2.asm.obj            156     0         0      
       ull_div_t2.asm.obj           150     0         0      
       vsnprintf.c.obj              136     0         0      
       memset_t2.asm.obj            122     0         0      
       copy_decompress_lzss.c.obj   104     0         0      
       s_frexp.c.obj                92      0         0      
       _ltoa.c.obj                  84      0         0      
       atoi.c.obj                   76      0         0      
       fd_toi_t2.asm.obj            72      0         0      
       autoinit.c.obj               68      0         0      
       i_tofd_t2.asm.obj            46      0         0      
       memmov.c.obj                 40      0         0      
       boot_cortex_m.c.obj          36      0         0      
       copy_zero_init.c.obj         28      0         0      
       memccpy.c.obj                28      0         0      
       strchr.c.obj                 22      0         0      
       strlen.c.obj                 20      0         0      
       wcslen.c.obj                 18      0         0      
       copy_decompress_none.c.obj   14      0         0      
       errno.c.obj                  8       0         4      
       s_copysign.c.obj             12      0         0      
       _lock.c.obj                  2       0         8      
       exit.c.obj                   4       0         0      
       pre_init.c.obj               4       0         0      
       div0.asm.obj                 2       0         0      
    +--+----------------------------+-------+---------+---------+
       Total:                       8555    257       20     
                                                             
       Heap:                        0       0         2048   
       Stack:                       0       0         2048   
       Linker Generated:            0       89        0      
    +--+----------------------------+-------+---------+---------+
       Grand Total:                 20047   3169      4440   


LINKER GENERATED COPY TABLES

__TI_cinit_table @ 20009ac8 records: 2, size/record: 8, table size: 16
	.data: load addr=20009a78, load size=00000035 bytes, run addr=20017914, run size=00000048 bytes, compression=lzss
	.bss: load addr=20009ac0, load size=00000008 bytes, run addr=20017800, run size=00000113 bytes, compression=zero_init


LINKER GENERATED HANDLER TABLE

__TI_handler_table @ 20009ab0 records: 3, size/record: 4, table size: 12
	index: 0, handler: __TI_decompress_lzss
	index: 1, handler: __TI_decompress_none
	index: 2, handler: __TI_zero_init


GLOBAL SYMBOLS: SORTED ALPHABETICALLY BY Name 

address   name                          
-------   ----                          
20006595  Adafruit_Init                 
20009267  C$$EXIT                       
200091b7  CPUcpsie                      
200069f5  ClearTerm                     
2000670b  Color565                      
200069ff  Error                         
20008cd1  GPIODirModeSet                
20008f03  GPIOPinWrite                  
20006a37  GetCmd                        
200069b5  InitTerm                      
20008005  IntEnable                     
20009241  IntMasterEnable               
20008f25  IntRegister                   
200091cd  IntVTableBaseSet              
20006051  MasterMain                    
200069d3  Message                       
20004dab  Outstr                        
2000721d  PRCMCC3200MCUInit             
20009149  PRCMHIBRegRead                
2000915f  PRCMHIBRegWrite               
20008e21  PRCMPeripheralClkDisable      
20008c95  PRCMPeripheralClkEnable       
20008281  PRCMPeripheralClockGet        
20008841  PRCMPeripheralReset           
20008dc9  PRCMSysResetCauseGet          
20008315  PinConfigSet                  
20008bd5  PinModeSet                    
200074d1  PinMuxConfig                  
20008d07  PinTypeGPIO                   
2000906d  PinTypeSPI                    
20009087  PinTypeUART                   
20006b75  Report                        
20009227  ResetISR                      
200090a1  SPICSDisable                  
200090b9  SPICSEnable                   
200080ad  SPIConfigSetExpClk            
20008f45  SPIDataGet                    
20008df5  SPIDataGetNonBlocking         
20008f65  SPIDataPut                    
200090d1  SPIEnable                     
20008a79  SPIIntClear                   
20008995  SPIIntEnable                  
20008f83  SPIIntRegister                
20008531  SPIIntStatus                  
20008ee1  SPIReset                      
2000839d  SPITransfer                   
2000610f  SlaveMain                     
20006add  TrimSpace                     
20009175  UARTCharGet                   
20008ffb  UARTCharGetNonBlocking        
20008fa1  UARTCharPut                   
200090e9  UARTCharsAvail                
20008627  UARTConfigSetExpClk           
20008d39  UARTDisable                   
20008e99  UARTEnable                    
2000918b  UARTFIFODisable               
20009101  UARTFIFOLevelSet              
200091f5  UARTIntClear                  
20009119  UARTIntEnable                 
20006219  UARTIntHandler                
20008fbf  UARTIntRegister               
20008fdd  UARTIntStatus                 
20006269  UART_Communication            
2000925d  UtilsDelay                    
20030000  __STACK_END                   
00000800  __STACK_SIZE                  
00000800  __SYSMEM_SIZE                 
20009ac8  __TI_CINIT_Base               
20009ad8  __TI_CINIT_Limit              
20009ab0  __TI_Handler_Table_Base       
20009abc  __TI_Handler_Table_Limit      
20008b91  __TI_auto_init_nobinit_nopinit
2000877b  __TI_decompress_lzss          
20009219  __TI_decompress_none          
200088ef  __TI_ltoa                     
ffffffff  __TI_pprof_out_hndl           
20004e81  __TI_printfi                  
ffffffff  __TI_prof_data_size           
ffffffff  __TI_prof_data_start          
20009a78  __TI_static_base__            
20009017  __TI_zero_init_nomemset       
20008425  __aeabi_cdcmpeq               
20008425  __aeabi_cdcmple               
200084ab  __aeabi_cdrcmple              
20008ac1  __aeabi_d2iz                  
2000706f  __aeabi_dadd                  
2000760d  __aeabi_ddiv                  
20007965  __aeabi_dmul                  
20007065  __aeabi_dsub                  
2000924d  __aeabi_errno_addr            
20008d99  __aeabi_i2d                   
2000721b  __aeabi_idiv0                 
2000721b  __aeabi_ldiv0                 
200085ad  __aeabi_memclr                
200085ad  __aeabi_memclr4               
200085ad  __aeabi_memclr8               
2000814d  __aeabi_memcpy                
2000814d  __aeabi_memcpy4               
2000814d  __aeabi_memcpy8               
200085af  __aeabi_memset                
200085af  __aeabi_memset4               
200085af  __aeabi_memset8               
200081e9  __aeabi_uldivmod              
ffffffff  __binit__                     
ffffffff  __c_args__                    
UNDEFED   __mpu_init                    
2002f800  __stack                       
20017000  __start___llvm_prf_cnts       
20017000  __stop___llvm_prf_cnts        
20008ebd  _c_int00_noargs               
20009767  _ctypes_                      
20017940  _lock                         
200069b3  _nop                          
20017000  _sys_memory                   
UNDEFED   _system_post_cinit            
20009263  _system_pre_init              
20017944  _unlock                       
20009267  abort                         
20007865  aligned_alloc                 
20008a2d  atoi                          
ffffffff  binit                         
20017950  bufIndex                      
200178c8  buffer                        
2000617f  changeTextColor               
20017954  color                         
2001792c  colorset                      
20009235  copysign                      
20009235  copysignl                     
20017914  cursor_x                      
20017918  cursor_y                      
200058cf  delay                         
20004c5f  drawChar                      
20004401  drawCircle                    
20004535  drawCircleHelper              
200068bd  drawFastHLine                 
20006821  drawFastVLine                 
2000477b  drawLine                      
20006959  drawPixel                     
20004867  drawRect                      
200048b5  drawRoundRect                 
20004a1d  drawTriangle                  
20017958  errno                         
20004653  fillCircle                    
2000468d  fillCircleHelper              
20006763  fillRect                      
200049a3  fillRoundRect                 
2000674d  fillScreen                    
20004a5f  fillTriangle                  
20007a61  free                          
200087e5  frexp                         
200087e5  frexpl                        
20004000  g_pfnVectors                  
200066c7  goTo                          
20004e5f  height                        
20006997  invert                        
20005e41  lcdTestPattern                
20005f11  lcdTestPattern2               
20007cf9  ldexp                         
20007cf9  ldexpl                        
2000641d  main                          
20009255  malloc                        
20007865  memalign                      
20009051  memccpy                       
2000814d  memcpy                        
20008e71  memmove                       
200085b5  memset                        
2001790c  outStr                        
20007b45  realloc                       
20007cf9  scalbn                        
20007cf9  scalbnl                       
20004df7  setCursor                     
20004e2f  setTextColor                  
20004e0f  setTextSize                   
20004e47  setTextWrap                   
200091a1  strchr                        
200091e1  strlen                        
20005b05  testdrawcircles               
20005975  testdrawrects                 
20005903  testfastlines                 
20005a93  testfillcircles               
200059d5  testfillrects                 
20005c73  testlines                     
20005c01  testroundrects                
20005b7f  testtriangles                 
20017924  textbgcolor                   
20017920  textcolor                     
2001791c  textsize                      
20017912  uart_intflag                  
20008c15  vsnprintf                     
20009207  wcslen                        
20004e5b  width                         
20017928  wrap                          
20006505  writeCommand                  
2000654d  writeData                     


GLOBAL SYMBOLS: SORTED BY Symbol Address 

address   name                          
-------   ----                          
00000800  __STACK_SIZE                  
00000800  __SYSMEM_SIZE                 
20004000  g_pfnVectors                  
20004401  drawCircle                    
20004535  drawCircleHelper              
20004653  fillCircle                    
2000468d  fillCircleHelper              
2000477b  drawLine                      
20004867  drawRect                      
200048b5  drawRoundRect                 
200049a3  fillRoundRect                 
20004a1d  drawTriangle                  
20004a5f  fillTriangle                  
20004c5f  drawChar                      
20004dab  Outstr                        
20004df7  setCursor                     
20004e0f  setTextSize                   
20004e2f  setTextColor                  
20004e47  setTextWrap                   
20004e5b  width                         
20004e5f  height                        
20004e81  __TI_printfi                  
200058cf  delay                         
20005903  testfastlines                 
20005975  testdrawrects                 
200059d5  testfillrects                 
20005a93  testfillcircles               
20005b05  testdrawcircles               
20005b7f  testtriangles                 
20005c01  testroundrects                
20005c73  testlines                     
20005e41  lcdTestPattern                
20005f11  lcdTestPattern2               
20006051  MasterMain                    
2000610f  SlaveMain                     
2000617f  changeTextColor               
20006219  UARTIntHandler                
20006269  UART_Communication            
2000641d  main                          
20006505  writeCommand                  
2000654d  writeData                     
20006595  Adafruit_Init                 
200066c7  goTo                          
2000670b  Color565                      
2000674d  fillScreen                    
20006763  fillRect                      
20006821  drawFastVLine                 
200068bd  drawFastHLine                 
20006959  drawPixel                     
20006997  invert                        
200069b3  _nop                          
200069b5  InitTerm                      
200069d3  Message                       
200069f5  ClearTerm                     
200069ff  Error                         
20006a37  GetCmd                        
20006add  TrimSpace                     
20006b75  Report                        
20007065  __aeabi_dsub                  
2000706f  __aeabi_dadd                  
2000721b  __aeabi_idiv0                 
2000721b  __aeabi_ldiv0                 
2000721d  PRCMCC3200MCUInit             
200074d1  PinMuxConfig                  
2000760d  __aeabi_ddiv                  
20007865  aligned_alloc                 
20007865  memalign                      
20007965  __aeabi_dmul                  
20007a61  free                          
20007b45  realloc                       
20007cf9  ldexp                         
20007cf9  ldexpl                        
20007cf9  scalbn                        
20007cf9  scalbnl                       
20008005  IntEnable                     
200080ad  SPIConfigSetExpClk            
2000814d  __aeabi_memcpy                
2000814d  __aeabi_memcpy4               
2000814d  __aeabi_memcpy8               
2000814d  memcpy                        
200081e9  __aeabi_uldivmod              
20008281  PRCMPeripheralClockGet        
20008315  PinConfigSet                  
2000839d  SPITransfer                   
20008425  __aeabi_cdcmpeq               
20008425  __aeabi_cdcmple               
200084ab  __aeabi_cdrcmple              
20008531  SPIIntStatus                  
200085ad  __aeabi_memclr                
200085ad  __aeabi_memclr4               
200085ad  __aeabi_memclr8               
200085af  __aeabi_memset                
200085af  __aeabi_memset4               
200085af  __aeabi_memset8               
200085b5  memset                        
20008627  UARTConfigSetExpClk           
2000877b  __TI_decompress_lzss          
200087e5  frexp                         
200087e5  frexpl                        
20008841  PRCMPeripheralReset           
200088ef  __TI_ltoa                     
20008995  SPIIntEnable                  
20008a2d  atoi                          
20008a79  SPIIntClear                   
20008ac1  __aeabi_d2iz                  
20008b91  __TI_auto_init_nobinit_nopinit
20008bd5  PinModeSet                    
20008c15  vsnprintf                     
20008c95  PRCMPeripheralClkEnable       
20008cd1  GPIODirModeSet                
20008d07  PinTypeGPIO                   
20008d39  UARTDisable                   
20008d99  __aeabi_i2d                   
20008dc9  PRCMSysResetCauseGet          
20008df5  SPIDataGetNonBlocking         
20008e21  PRCMPeripheralClkDisable      
20008e71  memmove                       
20008e99  UARTEnable                    
20008ebd  _c_int00_noargs               
20008ee1  SPIReset                      
20008f03  GPIOPinWrite                  
20008f25  IntRegister                   
20008f45  SPIDataGet                    
20008f65  SPIDataPut                    
20008f83  SPIIntRegister                
20008fa1  UARTCharPut                   
20008fbf  UARTIntRegister               
20008fdd  UARTIntStatus                 
20008ffb  UARTCharGetNonBlocking        
20009017  __TI_zero_init_nomemset       
20009051  memccpy                       
2000906d  PinTypeSPI                    
20009087  PinTypeUART                   
200090a1  SPICSDisable                  
200090b9  SPICSEnable                   
200090d1  SPIEnable                     
200090e9  UARTCharsAvail                
20009101  UARTFIFOLevelSet              
20009119  UARTIntEnable                 
20009149  PRCMHIBRegRead                
2000915f  PRCMHIBRegWrite               
20009175  UARTCharGet                   
2000918b  UARTFIFODisable               
200091a1  strchr                        
200091b7  CPUcpsie                      
200091cd  IntVTableBaseSet              
200091e1  strlen                        
200091f5  UARTIntClear                  
20009207  wcslen                        
20009219  __TI_decompress_none          
20009227  ResetISR                      
20009235  copysign                      
20009235  copysignl                     
20009241  IntMasterEnable               
2000924d  __aeabi_errno_addr            
20009255  malloc                        
2000925d  UtilsDelay                    
20009263  _system_pre_init              
20009267  C$$EXIT                       
20009267  abort                         
20009767  _ctypes_                      
20009a78  __TI_static_base__            
20009ab0  __TI_Handler_Table_Base       
20009abc  __TI_Handler_Table_Limit      
20009ac8  __TI_CINIT_Base               
20009ad8  __TI_CINIT_Limit              
20017000  __start___llvm_prf_cnts       
20017000  __stop___llvm_prf_cnts        
20017000  _sys_memory                   
200178c8  buffer                        
2001790c  outStr                        
20017912  uart_intflag                  
20017914  cursor_x                      
20017918  cursor_y                      
2001791c  textsize                      
20017920  textcolor                     
20017924  textbgcolor                   
20017928  wrap                          
2001792c  colorset                      
20017940  _lock                         
20017944  _unlock                       
20017950  bufIndex                      
20017954  color                         
20017958  errno                         
2002f800  __stack                       
20030000  __STACK_END                   
ffffffff  __TI_pprof_out_hndl           
ffffffff  __TI_prof_data_size           
ffffffff  __TI_prof_data_start          
ffffffff  __binit__                     
ffffffff  __c_args__                    
ffffffff  binit                         
UNDEFED   __mpu_init                    
UNDEFED   _system_post_cinit            

[194 symbols]
