<?xml version="1.0" encoding="ISO-8859-1" ?>
<link_info>
   <banner>TI ARM Linker PC v20.2.7.LTS</banner>
   <copyright>Copyright (c) 1996-2018 Texas Instruments Incorporated</copyright>
   <link_time>0x64553168</link_time>
   <link_errors>0x0</link_errors>
   <output_file>Lab3_Slave.out</output_file>
   <entry_point>
      <name>_c_int00_noargs</name>
      <address>0x20008ebd</address>
   </entry_point>
   <input_file_list>
      <input_file id="fl-2">
         <path>.\</path>
         <kind>object</kind>
         <file>Adafruit_GFX.obj</file>
         <name>Adafruit_GFX.obj</name>
      </input_file>
      <input_file id="fl-3">
         <path>.\</path>
         <kind>object</kind>
         <file>Adafruit_OLED.obj</file>
         <name>Adafruit_OLED.obj</name>
      </input_file>
      <input_file id="fl-4">
         <path>.\</path>
         <kind>object</kind>
         <file>main.obj</file>
         <name>main.obj</name>
      </input_file>
      <input_file id="fl-5">
         <path>.\</path>
         <kind>object</kind>
         <file>pin_mux_config.obj</file>
         <name>pin_mux_config.obj</name>
      </input_file>
      <input_file id="fl-6">
         <path>.\</path>
         <kind>object</kind>
         <file>startup_ccs.obj</file>
         <name>startup_ccs.obj</name>
      </input_file>
      <input_file id="fl-7">
         <path>.\</path>
         <kind>object</kind>
         <file>test.obj</file>
         <name>test.obj</name>
      </input_file>
      <input_file id="fl-8">
         <path>.\</path>
         <kind>object</kind>
         <file>uart_if.obj</file>
         <name>uart_if.obj</name>
      </input_file>
      <input_file id="fl-d">
         <kind>object</kind>
         <file>&lt;internal&gt;</file>
         <name>&lt;internal&gt;</name>
      </input_file>
      <input_file id="fl-e">
         <path>C:\ti\CC3200SDK_1.5.0\cc3200-sdk\driverlib\ccs\Release\</path>
         <kind>archive</kind>
         <file>driverlib.a</file>
         <name>gpio.obj</name>
      </input_file>
      <input_file id="fl-f">
         <path>C:\ti\CC3200SDK_1.5.0\cc3200-sdk\driverlib\ccs\Release\</path>
         <kind>archive</kind>
         <file>driverlib.a</file>
         <name>interrupt.obj</name>
      </input_file>
      <input_file id="fl-10">
         <path>C:\ti\CC3200SDK_1.5.0\cc3200-sdk\driverlib\ccs\Release\</path>
         <kind>archive</kind>
         <file>driverlib.a</file>
         <name>pin.obj</name>
      </input_file>
      <input_file id="fl-11">
         <path>C:\ti\CC3200SDK_1.5.0\cc3200-sdk\driverlib\ccs\Release\</path>
         <kind>archive</kind>
         <file>driverlib.a</file>
         <name>prcm.obj</name>
      </input_file>
      <input_file id="fl-12">
         <path>C:\ti\CC3200SDK_1.5.0\cc3200-sdk\driverlib\ccs\Release\</path>
         <kind>archive</kind>
         <file>driverlib.a</file>
         <name>spi.obj</name>
      </input_file>
      <input_file id="fl-13">
         <path>C:\ti\CC3200SDK_1.5.0\cc3200-sdk\driverlib\ccs\Release\</path>
         <kind>archive</kind>
         <file>driverlib.a</file>
         <name>uart.obj</name>
      </input_file>
      <input_file id="fl-14">
         <path>C:\ti\CC3200SDK_1.5.0\cc3200-sdk\driverlib\ccs\Release\</path>
         <kind>archive</kind>
         <file>driverlib.a</file>
         <name>utils.obj</name>
      </input_file>
      <input_file id="fl-15">
         <path>C:\ti\CC3200SDK_1.5.0\cc3200-sdk\driverlib\ccs\Release\</path>
         <kind>archive</kind>
         <file>driverlib.a</file>
         <name>cpu.obj</name>
      </input_file>
      <input_file id="fl-16">
         <path>C:\ti\CC3200SDK_1.5.0\cc3200-sdk\driverlib\ccs\Release\</path>
         <kind>archive</kind>
         <file>driverlib.a</file>
         <name>flash.obj</name>
      </input_file>
      <input_file id="fl-cc">
         <path>C:\ti\ccs1220\ccs\tools\compiler\ti-cgt-arm_20.2.7.LTS\lib\</path>
         <kind>archive</kind>
         <file>rtsv7M4_T_le_eabi.lib</file>
         <name>vsnprintf.c.obj</name>
      </input_file>
      <input_file id="fl-cd">
         <path>C:\ti\ccs1220\ccs\tools\compiler\ti-cgt-arm_20.2.7.LTS\lib\</path>
         <kind>archive</kind>
         <file>rtsv7M4_T_le_eabi.lib</file>
         <name>memcpy_t2.asm.obj</name>
      </input_file>
      <input_file id="fl-ce">
         <path>C:\ti\ccs1220\ccs\tools\compiler\ti-cgt-arm_20.2.7.LTS\lib\</path>
         <kind>archive</kind>
         <file>rtsv7M4_T_le_eabi.lib</file>
         <name>ull_div_t2.asm.obj</name>
      </input_file>
      <input_file id="fl-cf">
         <path>C:\ti\ccs1220\ccs\tools\compiler\ti-cgt-arm_20.2.7.LTS\lib\</path>
         <kind>archive</kind>
         <file>rtsv7M4_T_le_eabi.lib</file>
         <name>copy_zero_init.c.obj</name>
      </input_file>
      <input_file id="fl-d0">
         <path>C:\ti\ccs1220\ccs\tools\compiler\ti-cgt-arm_20.2.7.LTS\lib\</path>
         <kind>archive</kind>
         <file>rtsv7M4_T_le_eabi.lib</file>
         <name>copy_decompress_none.c.obj</name>
      </input_file>
      <input_file id="fl-d1">
         <path>C:\ti\ccs1220\ccs\tools\compiler\ti-cgt-arm_20.2.7.LTS\lib\</path>
         <kind>archive</kind>
         <file>rtsv7M4_T_le_eabi.lib</file>
         <name>copy_decompress_lzss.c.obj</name>
      </input_file>
      <input_file id="fl-d2">
         <path>C:\ti\ccs1220\ccs\tools\compiler\ti-cgt-arm_20.2.7.LTS\lib\</path>
         <kind>archive</kind>
         <file>rtsv7M4_T_le_eabi.lib</file>
         <name>memmov.c.obj</name>
      </input_file>
      <input_file id="fl-d3">
         <path>C:\ti\ccs1220\ccs\tools\compiler\ti-cgt-arm_20.2.7.LTS\lib\</path>
         <kind>archive</kind>
         <file>rtsv7M4_T_le_eabi.lib</file>
         <name>memory.c.obj</name>
      </input_file>
      <input_file id="fl-d4">
         <path>C:\ti\ccs1220\ccs\tools\compiler\ti-cgt-arm_20.2.7.LTS\lib\</path>
         <kind>archive</kind>
         <file>rtsv7M4_T_le_eabi.lib</file>
         <name>strlen.c.obj</name>
      </input_file>
      <input_file id="fl-d5">
         <path>C:\ti\ccs1220\ccs\tools\compiler\ti-cgt-arm_20.2.7.LTS\lib\</path>
         <kind>archive</kind>
         <file>rtsv7M4_T_le_eabi.lib</file>
         <name>boot_cortex_m.c.obj</name>
      </input_file>
      <input_file id="fl-d6">
         <path>C:\ti\ccs1220\ccs\tools\compiler\ti-cgt-arm_20.2.7.LTS\lib\</path>
         <kind>archive</kind>
         <file>rtsv7M4_T_le_eabi.lib</file>
         <name>_printfi.c.obj</name>
      </input_file>
      <input_file id="fl-d7">
         <path>C:\ti\ccs1220\ccs\tools\compiler\ti-cgt-arm_20.2.7.LTS\lib\</path>
         <kind>archive</kind>
         <file>rtsv7M4_T_le_eabi.lib</file>
         <name>div0.asm.obj</name>
      </input_file>
      <input_file id="fl-d8">
         <path>C:\ti\ccs1220\ccs\tools\compiler\ti-cgt-arm_20.2.7.LTS\lib\</path>
         <kind>archive</kind>
         <file>rtsv7M4_T_le_eabi.lib</file>
         <name>fd_add_t2.asm.obj</name>
      </input_file>
      <input_file id="fl-d9">
         <path>C:\ti\ccs1220\ccs\tools\compiler\ti-cgt-arm_20.2.7.LTS\lib\</path>
         <kind>archive</kind>
         <file>rtsv7M4_T_le_eabi.lib</file>
         <name>fd_cmp_t2.asm.obj</name>
      </input_file>
      <input_file id="fl-da">
         <path>C:\ti\ccs1220\ccs\tools\compiler\ti-cgt-arm_20.2.7.LTS\lib\</path>
         <kind>archive</kind>
         <file>rtsv7M4_T_le_eabi.lib</file>
         <name>fd_div_t2.asm.obj</name>
      </input_file>
      <input_file id="fl-db">
         <path>C:\ti\ccs1220\ccs\tools\compiler\ti-cgt-arm_20.2.7.LTS\lib\</path>
         <kind>archive</kind>
         <file>rtsv7M4_T_le_eabi.lib</file>
         <name>fd_mul_t2.asm.obj</name>
      </input_file>
      <input_file id="fl-dc">
         <path>C:\ti\ccs1220\ccs\tools\compiler\ti-cgt-arm_20.2.7.LTS\lib\</path>
         <kind>archive</kind>
         <file>rtsv7M4_T_le_eabi.lib</file>
         <name>fd_toi_t2.asm.obj</name>
      </input_file>
      <input_file id="fl-dd">
         <path>C:\ti\ccs1220\ccs\tools\compiler\ti-cgt-arm_20.2.7.LTS\lib\</path>
         <kind>archive</kind>
         <file>rtsv7M4_T_le_eabi.lib</file>
         <name>i_tofd_t2.asm.obj</name>
      </input_file>
      <input_file id="fl-de">
         <path>C:\ti\ccs1220\ccs\tools\compiler\ti-cgt-arm_20.2.7.LTS\lib\</path>
         <kind>archive</kind>
         <file>rtsv7M4_T_le_eabi.lib</file>
         <name>memset_t2.asm.obj</name>
      </input_file>
      <input_file id="fl-df">
         <path>C:\ti\ccs1220\ccs\tools\compiler\ti-cgt-arm_20.2.7.LTS\lib\</path>
         <kind>archive</kind>
         <file>rtsv7M4_T_le_eabi.lib</file>
         <name>autoinit.c.obj</name>
      </input_file>
      <input_file id="fl-e0">
         <path>C:\ti\ccs1220\ccs\tools\compiler\ti-cgt-arm_20.2.7.LTS\lib\</path>
         <kind>archive</kind>
         <file>rtsv7M4_T_le_eabi.lib</file>
         <name>pre_init.c.obj</name>
      </input_file>
      <input_file id="fl-e1">
         <path>C:\ti\ccs1220\ccs\tools\compiler\ti-cgt-arm_20.2.7.LTS\lib\</path>
         <kind>archive</kind>
         <file>rtsv7M4_T_le_eabi.lib</file>
         <name>cpy_tbl.c.obj</name>
      </input_file>
      <input_file id="fl-e2">
         <path>C:\ti\ccs1220\ccs\tools\compiler\ti-cgt-arm_20.2.7.LTS\lib\</path>
         <kind>archive</kind>
         <file>rtsv7M4_T_le_eabi.lib</file>
         <name>exit.c.obj</name>
      </input_file>
      <input_file id="fl-e3">
         <path>C:\ti\ccs1220\ccs\tools\compiler\ti-cgt-arm_20.2.7.LTS\lib\</path>
         <kind>archive</kind>
         <file>rtsv7M4_T_le_eabi.lib</file>
         <name>_lock.c.obj</name>
      </input_file>
      <input_file id="fl-e4">
         <path>C:\ti\ccs1220\ccs\tools\compiler\ti-cgt-arm_20.2.7.LTS\lib\</path>
         <kind>archive</kind>
         <file>rtsv7M4_T_le_eabi.lib</file>
         <name>_ltoa.c.obj</name>
      </input_file>
      <input_file id="fl-e5">
         <path>C:\ti\ccs1220\ccs\tools\compiler\ti-cgt-arm_20.2.7.LTS\lib\</path>
         <kind>archive</kind>
         <file>rtsv7M4_T_le_eabi.lib</file>
         <name>args_main.c.obj</name>
      </input_file>
      <input_file id="fl-e6">
         <path>C:\ti\ccs1220\ccs\tools\compiler\ti-cgt-arm_20.2.7.LTS\lib\</path>
         <kind>archive</kind>
         <file>rtsv7M4_T_le_eabi.lib</file>
         <name>atoi.c.obj</name>
      </input_file>
      <input_file id="fl-e7">
         <path>C:\ti\ccs1220\ccs\tools\compiler\ti-cgt-arm_20.2.7.LTS\lib\</path>
         <kind>archive</kind>
         <file>rtsv7M4_T_le_eabi.lib</file>
         <name>ctype.c.obj</name>
      </input_file>
      <input_file id="fl-e8">
         <path>C:\ti\ccs1220\ccs\tools\compiler\ti-cgt-arm_20.2.7.LTS\lib\</path>
         <kind>archive</kind>
         <file>rtsv7M4_T_le_eabi.lib</file>
         <name>memccpy.c.obj</name>
      </input_file>
      <input_file id="fl-e9">
         <path>C:\ti\ccs1220\ccs\tools\compiler\ti-cgt-arm_20.2.7.LTS\lib\</path>
         <kind>archive</kind>
         <file>rtsv7M4_T_le_eabi.lib</file>
         <name>strchr.c.obj</name>
      </input_file>
      <input_file id="fl-ea">
         <path>C:\ti\ccs1220\ccs\tools\compiler\ti-cgt-arm_20.2.7.LTS\lib\</path>
         <kind>archive</kind>
         <file>rtsv7M4_T_le_eabi.lib</file>
         <name>errno.c.obj</name>
      </input_file>
      <input_file id="fl-eb">
         <path>C:\ti\ccs1220\ccs\tools\compiler\ti-cgt-arm_20.2.7.LTS\lib\</path>
         <kind>archive</kind>
         <file>rtsv7M4_T_le_eabi.lib</file>
         <name>wcslen.c.obj</name>
      </input_file>
      <input_file id="fl-ec">
         <path>C:\ti\ccs1220\ccs\tools\compiler\ti-cgt-arm_20.2.7.LTS\lib\</path>
         <kind>archive</kind>
         <file>rtsv7M4_T_le_eabi.lib</file>
         <name>s_frexp.c.obj</name>
      </input_file>
      <input_file id="fl-ed">
         <path>C:\ti\ccs1220\ccs\tools\compiler\ti-cgt-arm_20.2.7.LTS\lib\</path>
         <kind>archive</kind>
         <file>rtsv7M4_T_le_eabi.lib</file>
         <name>s_scalbn.c.obj</name>
      </input_file>
      <input_file id="fl-ee">
         <path>C:\ti\ccs1220\ccs\tools\compiler\ti-cgt-arm_20.2.7.LTS\lib\</path>
         <kind>archive</kind>
         <file>rtsv7M4_T_le_eabi.lib</file>
         <name>s_copysign.c.obj</name>
      </input_file>
   </input_file_list>
   <object_component_list>
      <object_component id="oc-12">
         <name>.intvecs</name>
         <load_address>0x20004000</load_address>
         <run_address>0x20004000</run_address>
         <size>0x400</size>
         <input_file_ref idref="fl-6"/>
      </object_component>
      <object_component id="oc-143">
         <name>.text</name>
         <load_address>0x20004400</load_address>
         <run_address>0x20004400</run_address>
         <size>0xa80</size>
         <input_file_ref idref="fl-2"/>
      </object_component>
      <object_component id="oc-309">
         <name>.text:__TI_printfi</name>
         <load_address>0x20004e80</load_address>
         <run_address>0x20004e80</run_address>
         <size>0xa4e</size>
         <input_file_ref idref="fl-d6"/>
      </object_component>
      <object_component id="oc-191">
         <name>.text</name>
         <load_address>0x200058ce</load_address>
         <run_address>0x200058ce</run_address>
         <size>0x712</size>
         <input_file_ref idref="fl-7"/>
      </object_component>
      <object_component id="oc-97">
         <name>.text</name>
         <load_address>0x20005fe0</load_address>
         <run_address>0x20005fe0</run_address>
         <size>0x524</size>
         <input_file_ref idref="fl-4"/>
      </object_component>
      <object_component id="oc-18b">
         <name>.text</name>
         <load_address>0x20006504</load_address>
         <run_address>0x20006504</run_address>
         <size>0x4ae</size>
         <input_file_ref idref="fl-3"/>
      </object_component>
      <object_component id="oc-38a">
         <name>.text:_nop</name>
         <load_address>0x200069b2</load_address>
         <run_address>0x200069b2</run_address>
         <size>0x2</size>
         <input_file_ref idref="fl-e3"/>
      </object_component>
      <object_component id="oc-dd">
         <name>.text</name>
         <load_address>0x200069b4</load_address>
         <run_address>0x200069b4</run_address>
         <size>0x27c</size>
         <input_file_ref idref="fl-8"/>
      </object_component>
      <object_component id="oc-3ce">
         <name>.text:_pconv_a</name>
         <load_address>0x20006c30</load_address>
         <run_address>0x20006c30</run_address>
         <size>0x268</size>
         <input_file_ref idref="fl-d6"/>
      </object_component>
      <object_component id="oc-3bc">
         <name>.text:_pconv_g</name>
         <load_address>0x20006e98</load_address>
         <run_address>0x20006e98</run_address>
         <size>0x1cc</size>
         <input_file_ref idref="fl-d6"/>
      </object_component>
      <object_component id="oc-44c">
         <name>.text</name>
         <load_address>0x20007064</load_address>
         <run_address>0x20007064</run_address>
         <size>0x1b6</size>
         <input_file_ref idref="fl-d8"/>
      </object_component>
      <object_component id="oc-4a2">
         <name>.text</name>
         <load_address>0x2000721a</load_address>
         <run_address>0x2000721a</run_address>
         <size>0x2</size>
         <input_file_ref idref="fl-d7"/>
      </object_component>
      <object_component id="oc-13d">
         <name>.text:PRCMCC3200MCUInit</name>
         <load_address>0x2000721c</load_address>
         <run_address>0x2000721c</run_address>
         <size>0x178</size>
         <input_file_ref idref="fl-11"/>
      </object_component>
      <object_component id="oc-3c8">
         <name>.text:_pconv_e</name>
         <load_address>0x20007394</load_address>
         <run_address>0x20007394</run_address>
         <size>0x13c</size>
         <input_file_ref idref="fl-d6"/>
      </object_component>
      <object_component id="oc-19d">
         <name>.text</name>
         <load_address>0x200074d0</load_address>
         <run_address>0x200074d0</run_address>
         <size>0x13c</size>
         <input_file_ref idref="fl-5"/>
      </object_component>
      <object_component id="oc-432">
         <name>.text</name>
         <load_address>0x2000760c</load_address>
         <run_address>0x2000760c</run_address>
         <size>0x136</size>
         <input_file_ref idref="fl-da"/>
      </object_component>
      <object_component id="oc-45e">
         <name>.text:fcvt</name>
         <load_address>0x20007744</load_address>
         <run_address>0x20007744</run_address>
         <size>0x120</size>
         <input_file_ref idref="fl-d6"/>
      </object_component>
      <object_component id="oc-32b">
         <name>.text:aligned_alloc</name>
         <load_address>0x20007864</load_address>
         <run_address>0x20007864</run_address>
         <size>0x100</size>
         <input_file_ref idref="fl-d3"/>
      </object_component>
      <object_component id="oc-42d">
         <name>.text</name>
         <load_address>0x20007964</load_address>
         <run_address>0x20007964</run_address>
         <size>0xfc</size>
         <input_file_ref idref="fl-db"/>
      </object_component>
      <object_component id="oc-218">
         <name>.text:free</name>
         <load_address>0x20007a60</load_address>
         <run_address>0x20007a60</run_address>
         <size>0xe4</size>
         <input_file_ref idref="fl-d3"/>
      </object_component>
      <object_component id="oc-212">
         <name>.text:realloc</name>
         <load_address>0x20007b44</load_address>
         <run_address>0x20007b44</run_address>
         <size>0xe4</size>
         <input_file_ref idref="fl-d3"/>
      </object_component>
      <object_component id="oc-23e">
         <name>.text:SPITransfer32</name>
         <load_address>0x20007c28</load_address>
         <run_address>0x20007c28</run_address>
         <size>0xd0</size>
         <input_file_ref idref="fl-12"/>
      </object_component>
      <object_component id="oc-472">
         <name>.text:scalbn</name>
         <load_address>0x20007cf8</load_address>
         <run_address>0x20007cf8</run_address>
         <size>0xd0</size>
         <input_file_ref idref="fl-ed"/>
      </object_component>
      <object_component id="oc-238">
         <name>.text:SPITransfer16</name>
         <load_address>0x20007dc8</load_address>
         <run_address>0x20007dc8</run_address>
         <size>0xce</size>
         <input_file_ref idref="fl-12"/>
      </object_component>
      <object_component id="oc-232">
         <name>.text:SPITransfer8</name>
         <load_address>0x20007e96</load_address>
         <run_address>0x20007e96</run_address>
         <size>0xb8</size>
         <input_file_ref idref="fl-12"/>
      </object_component>
      <object_component id="oc-3b1">
         <name>.text:_ltostr</name>
         <load_address>0x20007f50</load_address>
         <run_address>0x20007f50</run_address>
         <size>0xb1</size>
         <input_file_ref idref="fl-d6"/>
      </object_component>
      <object_component id="oc-137">
         <name>.text:IntEnable</name>
         <load_address>0x20008004</load_address>
         <run_address>0x20008004</run_address>
         <size>0xa8</size>
         <input_file_ref idref="fl-f"/>
      </object_component>
      <object_component id="oc-ef">
         <name>.text:SPIConfigSetExpClk</name>
         <load_address>0x200080ac</load_address>
         <run_address>0x200080ac</run_address>
         <size>0xa0</size>
         <input_file_ref idref="fl-12"/>
      </object_component>
      <object_component id="oc-3d">
         <name>.text</name>
         <load_address>0x2000814c</load_address>
         <run_address>0x2000814c</run_address>
         <size>0x9c</size>
         <input_file_ref idref="fl-cd"/>
      </object_component>
      <object_component id="oc-426">
         <name>.text</name>
         <load_address>0x200081e8</load_address>
         <run_address>0x200081e8</run_address>
         <size>0x96</size>
         <input_file_ref idref="fl-ce"/>
      </object_component>
      <object_component id="oc-e9">
         <name>.text:PRCMPeripheralClockGet</name>
         <load_address>0x20008280</load_address>
         <run_address>0x20008280</run_address>
         <size>0x94</size>
         <input_file_ref idref="fl-11"/>
      </object_component>
      <object_component id="oc-37e">
         <name>.text:PinConfigSet</name>
         <load_address>0x20008314</load_address>
         <run_address>0x20008314</run_address>
         <size>0x88</size>
         <input_file_ref idref="fl-10"/>
      </object_component>
      <object_component id="oc-101">
         <name>.text:SPITransfer</name>
         <load_address>0x2000839c</load_address>
         <run_address>0x2000839c</run_address>
         <size>0x88</size>
         <input_file_ref idref="fl-12"/>
      </object_component>
      <object_component id="oc-3b7">
         <name>.text:__aeabi_cdcmple</name>
         <load_address>0x20008424</load_address>
         <run_address>0x20008424</run_address>
         <size>0x86</size>
         <input_file_ref idref="fl-d9"/>
      </object_component>
      <object_component id="oc-437">
         <name>.text:__aeabi_cdrcmple</name>
         <load_address>0x200084aa</load_address>
         <run_address>0x200084aa</run_address>
         <size>0x86</size>
         <input_file_ref idref="fl-d9"/>
      </object_component>
      <object_component id="oc-c5">
         <name>.text:SPIIntStatus</name>
         <load_address>0x20008530</load_address>
         <run_address>0x20008530</run_address>
         <size>0x7c</size>
         <input_file_ref idref="fl-12"/>
      </object_component>
      <object_component id="oc-8b">
         <name>.text</name>
         <load_address>0x200085ac</load_address>
         <run_address>0x200085ac</run_address>
         <size>0x7a</size>
         <input_file_ref idref="fl-de"/>
      </object_component>
      <object_component id="oc-167">
         <name>.text:UARTConfigSetExpClk</name>
         <load_address>0x20008626</load_address>
         <run_address>0x20008626</run_address>
         <size>0x76</size>
         <input_file_ref idref="fl-13"/>
      </object_component>
      <object_component id="oc-338">
         <name>.text:split</name>
         <load_address>0x2000869c</load_address>
         <run_address>0x2000869c</run_address>
         <size>0x70</size>
         <input_file_ref idref="fl-d3"/>
      </object_component>
      <object_component id="oc-457">
         <name>.text:_mcpy</name>
         <load_address>0x2000870c</load_address>
         <run_address>0x2000870c</run_address>
         <size>0x6e</size>
         <input_file_ref idref="fl-d6"/>
      </object_component>
      <object_component id="oc-15">
         <name>.text:decompress:lzss:__TI_decompress_lzss</name>
         <load_address>0x2000877a</load_address>
         <run_address>0x2000877a</run_address>
         <size>0x68</size>
         <input_file_ref idref="fl-d1"/>
      </object_component>
      <object_component id="oc-46c">
         <name>.text:frexp</name>
         <load_address>0x200087e4</load_address>
         <run_address>0x200087e4</run_address>
         <size>0x5c</size>
         <input_file_ref idref="fl-ec"/>
      </object_component>
      <object_component id="oc-275">
         <name>.text:PRCMPeripheralReset</name>
         <load_address>0x20008840</load_address>
         <run_address>0x20008840</run_address>
         <size>0x58</size>
         <input_file_ref idref="fl-11"/>
      </object_component>
      <object_component id="oc-3c2">
         <name>.text:_pconv_f</name>
         <load_address>0x20008898</load_address>
         <run_address>0x20008898</run_address>
         <size>0x56</size>
         <input_file_ref idref="fl-d6"/>
      </object_component>
      <object_component id="oc-441">
         <name>.text:__TI_ltoa</name>
         <load_address>0x200088ee</load_address>
         <run_address>0x200088ee</run_address>
         <size>0x54</size>
         <input_file_ref idref="fl-e4"/>
      </object_component>
      <object_component id="oc-451">
         <name>.text:_ecpy</name>
         <load_address>0x20008942</load_address>
         <run_address>0x20008942</run_address>
         <size>0x52</size>
         <input_file_ref idref="fl-d6"/>
      </object_component>
      <object_component id="oc-125">
         <name>.text:SPIIntEnable</name>
         <load_address>0x20008994</load_address>
         <run_address>0x20008994</run_address>
         <size>0x4c</size>
         <input_file_ref idref="fl-12"/>
      </object_component>
      <object_component id="oc-249">
         <name>.text:SPIIntNumberGet</name>
         <load_address>0x200089e0</load_address>
         <run_address>0x200089e0</run_address>
         <size>0x4c</size>
         <input_file_ref idref="fl-12"/>
      </object_component>
      <object_component id="oc-3ab">
         <name>.text:atoi</name>
         <load_address>0x20008a2c</load_address>
         <run_address>0x20008a2c</run_address>
         <size>0x4c</size>
         <input_file_ref idref="fl-e6"/>
      </object_component>
      <object_component id="oc-cb">
         <name>.text:SPIIntClear</name>
         <load_address>0x20008a78</load_address>
         <run_address>0x20008a78</run_address>
         <size>0x48</size>
         <input_file_ref idref="fl-12"/>
      </object_component>
      <object_component id="oc-43c">
         <name>.text</name>
         <load_address>0x20008ac0</load_address>
         <run_address>0x20008ac0</run_address>
         <size>0x48</size>
         <input_file_ref idref="fl-dc"/>
      </object_component>
      <object_component id="oc-1ea">
         <name>.text:SPIDmaMaskGet</name>
         <load_address>0x20008b08</load_address>
         <run_address>0x20008b08</run_address>
         <size>0x44</size>
         <input_file_ref idref="fl-12"/>
      </object_component>
      <object_component id="oc-2a0">
         <name>.text:UARTIntNumberGet</name>
         <load_address>0x20008b4c</load_address>
         <run_address>0x20008b4c</run_address>
         <size>0x44</size>
         <input_file_ref idref="fl-13"/>
      </object_component>
      <object_component id="oc-1b8">
         <name>.text:__TI_auto_init_nobinit_nopinit:__TI_auto_init_nobinit_nopinit</name>
         <load_address>0x20008b90</load_address>
         <run_address>0x20008b90</run_address>
         <size>0x44</size>
         <input_file_ref idref="fl-df"/>
      </object_component>
      <object_component id="oc-2bb">
         <name>.text:PinModeSet</name>
         <load_address>0x20008bd4</load_address>
         <run_address>0x20008bd4</run_address>
         <size>0x40</size>
         <input_file_ref idref="fl-10"/>
      </object_component>
      <object_component id="oc-1fa">
         <name>.text:vsnprintf</name>
         <load_address>0x20008c14</load_address>
         <run_address>0x20008c14</run_address>
         <size>0x40</size>
         <input_file_ref idref="fl-cc"/>
      </object_component>
      <object_component id="oc-464">
         <name>.text:_fcpy</name>
         <load_address>0x20008c54</load_address>
         <run_address>0x20008c54</run_address>
         <size>0x3e</size>
         <input_file_ref idref="fl-d6"/>
      </object_component>
      <object_component id="oc-185">
         <name>.text:PRCMPeripheralClkEnable</name>
         <load_address>0x20008c94</load_address>
         <run_address>0x20008c94</run_address>
         <size>0x3c</size>
         <input_file_ref idref="fl-11"/>
      </object_component>
      <object_component id="oc-2c7">
         <name>.text:GPIODirModeSet</name>
         <load_address>0x20008cd0</load_address>
         <run_address>0x20008cd0</run_address>
         <size>0x36</size>
         <input_file_ref idref="fl-e"/>
      </object_component>
      <object_component id="oc-2c1">
         <name>.text:PinTypeGPIO</name>
         <load_address>0x20008d06</load_address>
         <run_address>0x20008d06</run_address>
         <size>0x30</size>
         <input_file_ref idref="fl-10"/>
      </object_component>
      <object_component id="oc-292">
         <name>.text:UARTDisable</name>
         <load_address>0x20008d38</load_address>
         <run_address>0x20008d38</run_address>
         <size>0x30</size>
         <input_file_ref idref="fl-13"/>
      </object_component>
      <object_component id="oc-30f">
         <name>.text:_outs</name>
         <load_address>0x20008d68</load_address>
         <run_address>0x20008d68</run_address>
         <size>0x30</size>
         <input_file_ref idref="fl-cc"/>
      </object_component>
      <object_component id="oc-447">
         <name>.text</name>
         <load_address>0x20008d98</load_address>
         <run_address>0x20008d98</run_address>
         <size>0x2e</size>
         <input_file_ref idref="fl-dd"/>
      </object_component>
      <object_component id="oc-263">
         <name>.text:PRCMSysResetCauseGet</name>
         <load_address>0x20008dc8</load_address>
         <run_address>0x20008dc8</run_address>
         <size>0x2c</size>
         <input_file_ref idref="fl-11"/>
      </object_component>
      <object_component id="oc-d7">
         <name>.text:SPIDataGetNonBlocking</name>
         <load_address>0x20008df4</load_address>
         <run_address>0x20008df4</run_address>
         <size>0x2a</size>
         <input_file_ref idref="fl-12"/>
      </object_component>
      <object_component id="oc-27b">
         <name>.text:PRCMPeripheralClkDisable</name>
         <load_address>0x20008e20</load_address>
         <run_address>0x20008e20</run_address>
         <size>0x28</size>
         <input_file_ref idref="fl-11"/>
      </object_component>
      <object_component id="oc-33f">
         <name>.text:free_list_insert</name>
         <load_address>0x20008e48</load_address>
         <run_address>0x20008e48</run_address>
         <size>0x28</size>
         <input_file_ref idref="fl-d3"/>
      </object_component>
      <object_component id="oc-206">
         <name>.text:memmove</name>
         <load_address>0x20008e70</load_address>
         <run_address>0x20008e70</run_address>
         <size>0x28</size>
         <input_file_ref idref="fl-d2"/>
      </object_component>
      <object_component id="oc-298">
         <name>.text:UARTEnable</name>
         <load_address>0x20008e98</load_address>
         <run_address>0x20008e98</run_address>
         <size>0x24</size>
         <input_file_ref idref="fl-13"/>
      </object_component>
      <object_component id="oc-5b">
         <name>.text:_c_int00_noargs:_c_int00_noargs</name>
         <load_address>0x20008ebc</load_address>
         <run_address>0x20008ebc</run_address>
         <size>0x24</size>
         <input_file_ref idref="fl-d5"/>
      </object_component>
      <object_component id="oc-e3">
         <name>.text:SPIReset</name>
         <load_address>0x20008ee0</load_address>
         <run_address>0x20008ee0</run_address>
         <size>0x22</size>
         <input_file_ref idref="fl-12"/>
      </object_component>
      <object_component id="oc-2ae">
         <name>.text:GPIOPinWrite</name>
         <load_address>0x20008f02</load_address>
         <run_address>0x20008f02</run_address>
         <size>0x20</size>
         <input_file_ref idref="fl-e"/>
      </object_component>
      <object_component id="oc-24f">
         <name>.text:IntRegister</name>
         <load_address>0x20008f24</load_address>
         <run_address>0x20008f24</run_address>
         <size>0x20</size>
         <input_file_ref idref="fl-f"/>
      </object_component>
      <object_component id="oc-113">
         <name>.text:SPIDataGet</name>
         <load_address>0x20008f44</load_address>
         <run_address>0x20008f44</run_address>
         <size>0x20</size>
         <input_file_ref idref="fl-12"/>
      </object_component>
      <object_component id="oc-d1">
         <name>.text:SPIDataPut</name>
         <load_address>0x20008f64</load_address>
         <run_address>0x20008f64</run_address>
         <size>0x1e</size>
         <input_file_ref idref="fl-12"/>
      </object_component>
      <object_component id="oc-11f">
         <name>.text:SPIIntRegister</name>
         <load_address>0x20008f82</load_address>
         <run_address>0x20008f82</run_address>
         <size>0x1e</size>
         <input_file_ref idref="fl-12"/>
      </object_component>
      <object_component id="oc-10d">
         <name>.text:UARTCharPut</name>
         <load_address>0x20008fa0</load_address>
         <run_address>0x20008fa0</run_address>
         <size>0x1e</size>
         <input_file_ref idref="fl-13"/>
      </object_component>
      <object_component id="oc-173">
         <name>.text:UARTIntRegister</name>
         <load_address>0x20008fbe</load_address>
         <run_address>0x20008fbe</run_address>
         <size>0x1e</size>
         <input_file_ref idref="fl-13"/>
      </object_component>
      <object_component id="oc-14f">
         <name>.text:UARTIntStatus</name>
         <load_address>0x20008fdc</load_address>
         <run_address>0x20008fdc</run_address>
         <size>0x1e</size>
         <input_file_ref idref="fl-13"/>
      </object_component>
      <object_component id="oc-15b">
         <name>.text:UARTCharGetNonBlocking</name>
         <load_address>0x20008ffa</load_address>
         <run_address>0x20008ffa</run_address>
         <size>0x1c</size>
         <input_file_ref idref="fl-13"/>
      </object_component>
      <object_component id="oc-49">
         <name>.text:decompress:ZI:__TI_zero_init_nomemset:__TI_zero_init_nomemset</name>
         <load_address>0x20009016</load_address>
         <run_address>0x20009016</run_address>
         <size>0x1c</size>
         <input_file_ref idref="fl-cf"/>
      </object_component>
      <object_component id="oc-332">
         <name>.text:free_list_remove</name>
         <load_address>0x20009034</load_address>
         <run_address>0x20009034</run_address>
         <size>0x1c</size>
         <input_file_ref idref="fl-d3"/>
      </object_component>
      <object_component id="oc-3d4">
         <name>.text:memccpy</name>
         <load_address>0x20009050</load_address>
         <run_address>0x20009050</run_address>
         <size>0x1c</size>
         <input_file_ref idref="fl-e8"/>
      </object_component>
      <object_component id="oc-2cd">
         <name>.text:PinTypeSPI</name>
         <load_address>0x2000906c</load_address>
         <run_address>0x2000906c</run_address>
         <size>0x1a</size>
         <input_file_ref idref="fl-10"/>
      </object_component>
      <object_component id="oc-2d3">
         <name>.text:PinTypeUART</name>
         <load_address>0x20009086</load_address>
         <run_address>0x20009086</run_address>
         <size>0x1a</size>
         <input_file_ref idref="fl-10"/>
      </object_component>
      <object_component id="oc-119">
         <name>.text:SPICSDisable</name>
         <load_address>0x200090a0</load_address>
         <run_address>0x200090a0</run_address>
         <size>0x18</size>
         <input_file_ref idref="fl-12"/>
      </object_component>
      <object_component id="oc-107">
         <name>.text:SPICSEnable</name>
         <load_address>0x200090b8</load_address>
         <run_address>0x200090b8</run_address>
         <size>0x18</size>
         <input_file_ref idref="fl-12"/>
      </object_component>
      <object_component id="oc-f5">
         <name>.text:SPIEnable</name>
         <load_address>0x200090d0</load_address>
         <run_address>0x200090d0</run_address>
         <size>0x18</size>
         <input_file_ref idref="fl-12"/>
      </object_component>
      <object_component id="oc-161">
         <name>.text:UARTCharsAvail</name>
         <load_address>0x200090e8</load_address>
         <run_address>0x200090e8</run_address>
         <size>0x18</size>
         <input_file_ref idref="fl-13"/>
      </object_component>
      <object_component id="oc-179">
         <name>.text:UARTFIFOLevelSet</name>
         <load_address>0x20009100</load_address>
         <run_address>0x20009100</run_address>
         <size>0x18</size>
         <input_file_ref idref="fl-13"/>
      </object_component>
      <object_component id="oc-17f">
         <name>.text:UARTIntEnable</name>
         <load_address>0x20009118</load_address>
         <run_address>0x20009118</run_address>
         <size>0x18</size>
         <input_file_ref idref="fl-13"/>
      </object_component>
      <object_component id="oc-315">
         <name>.text:_outc</name>
         <load_address>0x20009130</load_address>
         <run_address>0x20009130</run_address>
         <size>0x18</size>
         <input_file_ref idref="fl-cc"/>
      </object_component>
      <object_component id="oc-269">
         <name>.text:PRCMHIBRegRead</name>
         <load_address>0x20009148</load_address>
         <run_address>0x20009148</run_address>
         <size>0x16</size>
         <input_file_ref idref="fl-11"/>
      </object_component>
      <object_component id="oc-26f">
         <name>.text:PRCMHIBRegWrite</name>
         <load_address>0x2000915e</load_address>
         <run_address>0x2000915e</run_address>
         <size>0x16</size>
         <input_file_ref idref="fl-11"/>
      </object_component>
      <object_component id="oc-fb">
         <name>.text:UARTCharGet</name>
         <load_address>0x20009174</load_address>
         <run_address>0x20009174</run_address>
         <size>0x16</size>
         <input_file_ref idref="fl-13"/>
      </object_component>
      <object_component id="oc-16d">
         <name>.text:UARTFIFODisable</name>
         <load_address>0x2000918a</load_address>
         <run_address>0x2000918a</run_address>
         <size>0x16</size>
         <input_file_ref idref="fl-13"/>
      </object_component>
      <object_component id="oc-478">
         <name>.text:strchr</name>
         <load_address>0x200091a0</load_address>
         <run_address>0x200091a0</run_address>
         <size>0x16</size>
         <input_file_ref idref="fl-e9"/>
      </object_component>
      <object_component id="oc-258">
         <name>.text:CPUcpsie</name>
         <load_address>0x200091b6</load_address>
         <run_address>0x200091b6</run_address>
         <size>0x14</size>
         <input_file_ref idref="fl-15"/>
      </object_component>
      <object_component id="oc-12b">
         <name>.text:IntVTableBaseSet</name>
         <load_address>0x200091cc</load_address>
         <run_address>0x200091cc</run_address>
         <size>0x14</size>
         <input_file_ref idref="fl-f"/>
      </object_component>
      <object_component id="oc-200">
         <name>.text:strlen</name>
         <load_address>0x200091e0</load_address>
         <run_address>0x200091e0</run_address>
         <size>0x14</size>
         <input_file_ref idref="fl-d4"/>
      </object_component>
      <object_component id="oc-155">
         <name>.text:UARTIntClear</name>
         <load_address>0x200091f4</load_address>
         <run_address>0x200091f4</run_address>
         <size>0x12</size>
         <input_file_ref idref="fl-13"/>
      </object_component>
      <object_component id="oc-3da">
         <name>.text:wcslen</name>
         <load_address>0x20009206</load_address>
         <run_address>0x20009206</run_address>
         <size>0x12</size>
         <input_file_ref idref="fl-eb"/>
      </object_component>
      <object_component id="oc-1b">
         <name>.text:decompress:none:__TI_decompress_none</name>
         <load_address>0x20009218</load_address>
         <run_address>0x20009218</run_address>
         <size>0xe</size>
         <input_file_ref idref="fl-d0"/>
      </object_component>
      <object_component id="oc-29">
         <name>.text</name>
         <load_address>0x20009226</load_address>
         <run_address>0x20009226</run_address>
         <size>0xe</size>
         <input_file_ref idref="fl-6"/>
      </object_component>
      <object_component id="oc-4bb">
         <name>.text:copysign</name>
         <load_address>0x20009234</load_address>
         <run_address>0x20009234</run_address>
         <size>0xc</size>
         <input_file_ref idref="fl-ee"/>
      </object_component>
      <object_component id="oc-131">
         <name>.text:IntMasterEnable</name>
         <load_address>0x20009240</load_address>
         <run_address>0x20009240</run_address>
         <size>0xa</size>
         <input_file_ref idref="fl-f"/>
      </object_component>
      <object_component id="oc-3e0">
         <name>.text:__aeabi_errno_addr</name>
         <load_address>0x2000924c</load_address>
         <run_address>0x2000924c</run_address>
         <size>0x8</size>
         <input_file_ref idref="fl-ea"/>
      </object_component>
      <object_component id="oc-20c">
         <name>.text:malloc</name>
         <load_address>0x20009254</load_address>
         <run_address>0x20009254</run_address>
         <size>0x8</size>
         <input_file_ref idref="fl-d3"/>
      </object_component>
      <object_component id="oc-361">
         <name>.text:UtilsDelay</name>
         <load_address>0x2000925c</load_address>
         <run_address>0x2000925c</run_address>
         <size>0x6</size>
         <input_file_ref idref="fl-14"/>
      </object_component>
      <object_component id="oc-91">
         <name>.text:_system_pre_init</name>
         <load_address>0x20009262</load_address>
         <run_address>0x20009262</run_address>
         <size>0x4</size>
         <input_file_ref idref="fl-e0"/>
      </object_component>
      <object_component id="oc-1ac">
         <name>.text:abort:abort</name>
         <load_address>0x20009266</load_address>
         <run_address>0x20009266</run_address>
         <size>0x4</size>
         <input_file_ref idref="fl-e2"/>
      </object_component>
      <object_component id="oc-282">
         <name>.const:.string:font</name>
         <load_address>0x2000926c</load_address>
         <run_address>0x2000926c</run_address>
         <size>0x4fb</size>
         <input_file_ref idref="fl-2"/>
      </object_component>
      <object_component id="oc-421">
         <name>.const:.string:_ctypes_</name>
         <load_address>0x20009767</load_address>
         <run_address>0x20009767</run_address>
         <size>0x101</size>
         <input_file_ref idref="fl-e7"/>
      </object_component>
      <object_component id="oc-37a">
         <name>.const:g_ulPinToPadMap</name>
         <load_address>0x20009868</load_address>
         <run_address>0x20009868</run_address>
         <size>0x100</size>
         <input_file_ref idref="fl-10"/>
      </object_component>
      <object_component id="oc-2aa">
         <name>.const:PRCM_PeriphRegsList</name>
         <load_address>0x20009968</load_address>
         <run_address>0x20009968</run_address>
         <size>0xa8</size>
         <input_file_ref idref="fl-11"/>
      </object_component>
      <object_component id="oc-357">
         <name>.const:g_ppulSPIIntMap</name>
         <load_address>0x20009a10</load_address>
         <run_address>0x20009a10</run_address>
         <size>0x24</size>
         <input_file_ref idref="fl-12"/>
      </object_component>
      <object_component id="oc-25f">
         <name>.const:g_pulEnRegs</name>
         <load_address>0x20009a34</load_address>
         <run_address>0x20009a34</run_address>
         <size>0x18</size>
         <input_file_ref idref="fl-f"/>
      </object_component>
      <object_component id="oc-303">
         <name>.const:g_ulSPIDmaMaskMap</name>
         <load_address>0x20009a4c</load_address>
         <run_address>0x20009a4c</run_address>
         <size>0x18</size>
         <input_file_ref idref="fl-12"/>
      </object_component>
      <object_component id="oc-36f">
         <name>.const:g_ppulUARTIntMap</name>
         <load_address>0x20009a64</load_address>
         <run_address>0x20009a64</run_address>
         <size>0x10</size>
         <input_file_ref idref="fl-13"/>
      </object_component>
      <object_component id="oc-513">
         <name>.cinit..data.load</name>
         <load_address>0x20009a78</load_address>
         <run_address>0x20009a78</run_address>
         <size>0x35</size>
      </object_component>
      <object_component id="oc-511">
         <name>__TI_handler_table</name>
         <load_address>0x20009ab0</load_address>
         <run_address>0x20009ab0</run_address>
         <size>0xc</size>
      </object_component>
      <object_component id="oc-514">
         <name>.cinit..bss.load</name>
         <load_address>0x20009ac0</load_address>
         <run_address>0x20009ac0</run_address>
         <size>0x8</size>
      </object_component>
      <object_component id="oc-512">
         <name>__TI_cinit_table</name>
         <load_address>0x20009ac8</load_address>
         <run_address>0x20009ac8</run_address>
         <size>0x10</size>
      </object_component>
      <object_component id="oc-285">
         <name>.data</name>
         <load_address>0x20017914</load_address>
         <run_address>0x20017914</run_address>
         <size>0x15</size>
         <input_file_ref idref="fl-2"/>
      </object_component>
      <object_component id="oc-19a">
         <name>.data</name>
         <load_address>0x20017950</load_address>
         <run_address>0x20017950</run_address>
         <size>0x8</size>
         <input_file_ref idref="fl-4"/>
      </object_component>
      <object_component id="oc-1a7">
         <name>.data:colorset</name>
         <load_address>0x2001792c</load_address>
         <run_address>0x2001792c</run_address>
         <size>0x14</size>
         <input_file_ref idref="fl-4"/>
      </object_component>
      <object_component id="oc-3fa">
         <name>.data:$O1$$</name>
         <load_address>0x20017948</load_address>
         <run_address>0x20017948</run_address>
         <size>0x8</size>
         <input_file_ref idref="fl-d3"/>
      </object_component>
      <object_component id="oc-2e7">
         <name>.data:$O1$$</name>
         <load_address>0x20017940</load_address>
         <run_address>0x20017940</run_address>
         <size>0x8</size>
         <input_file_ref idref="fl-e3"/>
      </object_component>
      <object_component id="oc-488">
         <name>.data</name>
         <load_address>0x20017958</load_address>
         <run_address>0x20017958</run_address>
         <size>0x4</size>
         <input_file_ref idref="fl-ea"/>
      </object_component>
      <object_component id="oc-149">
         <name>.bss:g_ucTxBuff</name>
         <uninitialized>true</uninitialized>
         <run_address>0x20017864</run_address>
         <size>0x64</size>
         <input_file_ref idref="fl-4"/>
      </object_component>
      <object_component id="oc-197">
         <name>.bss:g_ucRxBuff</name>
         <uninitialized>true</uninitialized>
         <run_address>0x20017800</run_address>
         <size>0x64</size>
         <input_file_ref idref="fl-4"/>
      </object_component>
      <object_component id="oc-14c">
         <name>.bss</name>
         <uninitialized>true</uninitialized>
         <run_address>0x20017910</run_address>
         <size>0x2</size>
         <input_file_ref idref="fl-4"/>
      </object_component>
      <object_component id="oc-21e">
         <name>.bss</name>
         <uninitialized>true</uninitialized>
         <run_address>0x20017908</run_address>
         <size>0x4</size>
         <input_file_ref idref="fl-8"/>
      </object_component>
      <object_component id="oc-1a6">
         <name>.common:buffer</name>
         <uninitialized>true</uninitialized>
         <run_address>0x200178c8</run_address>
         <size>0x40</size>
      </object_component>
      <object_component id="oc-1aa">
         <name>.common:outStr</name>
         <uninitialized>true</uninitialized>
         <run_address>0x2001790c</run_address>
         <size>0x4</size>
      </object_component>
      <object_component id="oc-1a3">
         <name>.common:uart_intflag</name>
         <uninitialized>true</uninitialized>
         <run_address>0x20017912</run_address>
         <size>0x1</size>
      </object_component>
      <object_component id="oc-23">
         <name>.sysmem</name>
         <uninitialized>true</uninitialized>
         <run_address>0x20017000</run_address>
         <size>0x10</size>
         <input_file_ref idref="fl-d3"/>
      </object_component>
      <object_component id="oc-517">
         <name>.sysmem</name>
         <uninitialized>true</uninitialized>
         <run_address>0x20017000</run_address>
         <size>0x0</size>
      </object_component>
      <object_component id="oc-26">
         <name>.stack</name>
         <uninitialized>true</uninitialized>
         <run_address>0x2002f800</run_address>
         <size>0x4</size>
         <input_file_ref idref="fl-d5"/>
      </object_component>
      <object_component id="oc-516">
         <name>.stack</name>
         <uninitialized>true</uninitialized>
         <run_address>0x2002f800</run_address>
         <size>0x0</size>
      </object_component>
      <object_component id="oc-289">
         <name>.debug_info</name>
         <load_address>0x0</load_address>
         <run_address>0x0</run_address>
         <size>0x247</size>
         <input_file_ref idref="fl-2"/>
      </object_component>
      <object_component id="oc-283">
         <name>.debug_info</name>
         <load_address>0x247</load_address>
         <run_address>0x247</run_address>
         <size>0xf9</size>
         <input_file_ref idref="fl-2"/>
      </object_component>
      <object_component id="oc-286">
         <name>.debug_info</name>
         <load_address>0x340</load_address>
         <run_address>0x340</run_address>
         <size>0x1a7</size>
         <input_file_ref idref="fl-2"/>
      </object_component>
      <object_component id="oc-147">
         <name>.debug_info</name>
         <load_address>0x4e7</load_address>
         <run_address>0x4e7</run_address>
         <size>0x1565</size>
         <input_file_ref idref="fl-2"/>
      </object_component>
      <object_component id="oc-38">
         <name>.debug_info</name>
         <load_address>0x1a4c</load_address>
         <run_address>0x1a4c</run_address>
         <size>0x84</size>
         <input_file_ref idref="fl-2"/>
      </object_component>
      <object_component id="oc-2b5">
         <name>.debug_info</name>
         <load_address>0x1ad0</load_address>
         <run_address>0x1ad0</run_address>
         <size>0x248</size>
         <input_file_ref idref="fl-3"/>
      </object_component>
      <object_component id="oc-18e">
         <name>.debug_info</name>
         <load_address>0x1d18</load_address>
         <run_address>0x1d18</run_address>
         <size>0xea3</size>
         <input_file_ref idref="fl-3"/>
      </object_component>
      <object_component id="oc-407">
         <name>.debug_info</name>
         <load_address>0x2bbb</load_address>
         <run_address>0x2bbb</run_address>
         <size>0x62</size>
         <input_file_ref idref="fl-3"/>
      </object_component>
      <object_component id="oc-1f1">
         <name>.debug_info</name>
         <load_address>0x2c1d</load_address>
         <run_address>0x2c1d</run_address>
         <size>0x2c</size>
         <input_file_ref idref="fl-3"/>
      </object_component>
      <object_component id="oc-bc">
         <name>.debug_info</name>
         <load_address>0x2c49</load_address>
         <run_address>0x2c49</run_address>
         <size>0x2c</size>
         <input_file_ref idref="fl-3"/>
      </object_component>
      <object_component id="oc-2dc">
         <name>.debug_info</name>
         <load_address>0x2c75</load_address>
         <run_address>0x2c75</run_address>
         <size>0x35</size>
         <input_file_ref idref="fl-3"/>
      </object_component>
      <object_component id="oc-1a4">
         <name>.debug_info</name>
         <load_address>0x2caa</load_address>
         <run_address>0x2caa</run_address>
         <size>0x9b4</size>
         <input_file_ref idref="fl-4"/>
      </object_component>
      <object_component id="oc-14a">
         <name>.debug_info</name>
         <load_address>0x365e</load_address>
         <run_address>0x365e</run_address>
         <size>0xf9</size>
         <input_file_ref idref="fl-4"/>
      </object_component>
      <object_component id="oc-198">
         <name>.debug_info</name>
         <load_address>0x3757</load_address>
         <run_address>0x3757</run_address>
         <size>0xf9</size>
         <input_file_ref idref="fl-4"/>
      </object_component>
      <object_component id="oc-14d">
         <name>.debug_info</name>
         <load_address>0x3850</load_address>
         <run_address>0x3850</run_address>
         <size>0x121</size>
         <input_file_ref idref="fl-4"/>
      </object_component>
      <object_component id="oc-19b">
         <name>.debug_info</name>
         <load_address>0x3971</load_address>
         <run_address>0x3971</run_address>
         <size>0x111</size>
         <input_file_ref idref="fl-4"/>
      </object_component>
      <object_component id="oc-1a8">
         <name>.debug_info</name>
         <load_address>0x3a82</load_address>
         <run_address>0x3a82</run_address>
         <size>0xf6</size>
         <input_file_ref idref="fl-4"/>
      </object_component>
      <object_component id="oc-99">
         <name>.debug_info</name>
         <load_address>0x3b78</load_address>
         <run_address>0x3b78</run_address>
         <size>0x9a8</size>
         <input_file_ref idref="fl-4"/>
      </object_component>
      <object_component id="oc-19e">
         <name>.debug_info</name>
         <load_address>0x4520</load_address>
         <run_address>0x4520</run_address>
         <size>0x40c</size>
         <input_file_ref idref="fl-5"/>
      </object_component>
      <object_component id="oc-31">
         <name>.debug_info</name>
         <load_address>0x492c</load_address>
         <run_address>0x492c</run_address>
         <size>0x1b7</size>
         <input_file_ref idref="fl-6"/>
      </object_component>
      <object_component id="oc-13">
         <name>.debug_info</name>
         <load_address>0x4ae3</load_address>
         <run_address>0x4ae3</run_address>
         <size>0x136</size>
         <input_file_ref idref="fl-6"/>
      </object_component>
      <object_component id="oc-2a">
         <name>.debug_info</name>
         <load_address>0x4c19</load_address>
         <run_address>0x4c19</run_address>
         <size>0x457</size>
         <input_file_ref idref="fl-6"/>
      </object_component>
      <object_component id="oc-192">
         <name>.debug_info</name>
         <load_address>0x5070</load_address>
         <run_address>0x5070</run_address>
         <size>0xdc3</size>
         <input_file_ref idref="fl-7"/>
      </object_component>
      <object_component id="oc-222">
         <name>.debug_info</name>
         <load_address>0x5e33</load_address>
         <run_address>0x5e33</run_address>
         <size>0x3d5</size>
         <input_file_ref idref="fl-8"/>
      </object_component>
      <object_component id="oc-21f">
         <name>.debug_info</name>
         <load_address>0x6208</load_address>
         <run_address>0x6208</run_address>
         <size>0x100</size>
         <input_file_ref idref="fl-8"/>
      </object_component>
      <object_component id="oc-de">
         <name>.debug_info</name>
         <load_address>0x6308</load_address>
         <run_address>0x6308</run_address>
         <size>0x666</size>
         <input_file_ref idref="fl-8"/>
      </object_component>
      <object_component id="oc-34a">
         <name>.debug_info</name>
         <load_address>0x696e</load_address>
         <run_address>0x696e</run_address>
         <size>0x26b</size>
         <input_file_ref idref="fl-8"/>
      </object_component>
      <object_component id="oc-228">
         <name>.debug_info</name>
         <load_address>0x6bd9</load_address>
         <run_address>0x6bd9</run_address>
         <size>0x110</size>
         <input_file_ref idref="fl-8"/>
      </object_component>
      <object_component id="oc-34f">
         <name>.debug_info</name>
         <load_address>0x6ce9</load_address>
         <run_address>0x6ce9</run_address>
         <size>0x2a4</size>
         <input_file_ref idref="fl-8"/>
      </object_component>
      <object_component id="oc-223">
         <name>.debug_info</name>
         <load_address>0x6f8d</load_address>
         <run_address>0x6f8d</run_address>
         <size>0x2c</size>
         <input_file_ref idref="fl-8"/>
      </object_component>
      <object_component id="oc-2cb">
         <name>.debug_info</name>
         <load_address>0x6fb9</load_address>
         <run_address>0x6fb9</run_address>
         <size>0x1dd</size>
         <input_file_ref idref="fl-e"/>
      </object_component>
      <object_component id="oc-2b2">
         <name>.debug_info</name>
         <load_address>0x7196</load_address>
         <run_address>0x7196</run_address>
         <size>0x1d4</size>
         <input_file_ref idref="fl-e"/>
      </object_component>
      <object_component id="oc-35c">
         <name>.debug_info</name>
         <load_address>0x736a</load_address>
         <run_address>0x736a</run_address>
         <size>0x201</size>
         <input_file_ref idref="fl-f"/>
      </object_component>
      <object_component id="oc-260">
         <name>.debug_info</name>
         <load_address>0x756b</load_address>
         <run_address>0x756b</run_address>
         <size>0xf4</size>
         <input_file_ref idref="fl-f"/>
      </object_component>
      <object_component id="oc-132">
         <name>.debug_info</name>
         <load_address>0x765f</load_address>
         <run_address>0x765f</run_address>
         <size>0x17c</size>
         <input_file_ref idref="fl-f"/>
      </object_component>
      <object_component id="oc-12c">
         <name>.debug_info</name>
         <load_address>0x77db</load_address>
         <run_address>0x77db</run_address>
         <size>0x1ae</size>
         <input_file_ref idref="fl-f"/>
      </object_component>
      <object_component id="oc-250">
         <name>.debug_info</name>
         <load_address>0x7989</load_address>
         <run_address>0x7989</run_address>
         <size>0x1f8</size>
         <input_file_ref idref="fl-f"/>
      </object_component>
      <object_component id="oc-138">
         <name>.debug_info</name>
         <load_address>0x7b81</load_address>
         <run_address>0x7b81</run_address>
         <size>0x19f</size>
         <input_file_ref idref="fl-f"/>
      </object_component>
      <object_component id="oc-410">
         <name>.debug_info</name>
         <load_address>0x7d20</load_address>
         <run_address>0x7d20</run_address>
         <size>0x14e</size>
         <input_file_ref idref="fl-10"/>
      </object_component>
      <object_component id="oc-37b">
         <name>.debug_info</name>
         <load_address>0x7e6e</load_address>
         <run_address>0x7e6e</run_address>
         <size>0xf6</size>
         <input_file_ref idref="fl-10"/>
      </object_component>
      <object_component id="oc-2bd">
         <name>.debug_info</name>
         <load_address>0x7f64</load_address>
         <run_address>0x7f64</run_address>
         <size>0x1bf</size>
         <input_file_ref idref="fl-10"/>
      </object_component>
      <object_component id="oc-380">
         <name>.debug_info</name>
         <load_address>0x8123</load_address>
         <run_address>0x8123</run_address>
         <size>0x20d</size>
         <input_file_ref idref="fl-10"/>
      </object_component>
      <object_component id="oc-2d5">
         <name>.debug_info</name>
         <load_address>0x8330</load_address>
         <run_address>0x8330</run_address>
         <size>0x1d4</size>
         <input_file_ref idref="fl-10"/>
      </object_component>
      <object_component id="oc-2cf">
         <name>.debug_info</name>
         <load_address>0x8504</load_address>
         <run_address>0x8504</run_address>
         <size>0x1d2</size>
         <input_file_ref idref="fl-10"/>
      </object_component>
      <object_component id="oc-2c3">
         <name>.debug_info</name>
         <load_address>0x86d6</load_address>
         <run_address>0x86d6</run_address>
         <size>0x222</size>
         <input_file_ref idref="fl-10"/>
      </object_component>
      <object_component id="oc-365">
         <name>.debug_info</name>
         <load_address>0x88f8</load_address>
         <run_address>0x88f8</run_address>
         <size>0x25e</size>
         <input_file_ref idref="fl-11"/>
      </object_component>
      <object_component id="oc-2ab">
         <name>.debug_info</name>
         <load_address>0x8b56</load_address>
         <run_address>0x8b56</run_address>
         <size>0xff</size>
         <input_file_ref idref="fl-11"/>
      </object_component>
      <object_component id="oc-264">
         <name>.debug_info</name>
         <load_address>0x8c55</load_address>
         <run_address>0x8c55</run_address>
         <size>0x1a6</size>
         <input_file_ref idref="fl-11"/>
      </object_component>
      <object_component id="oc-186">
         <name>.debug_info</name>
         <load_address>0x8dfb</load_address>
         <run_address>0x8dfb</run_address>
         <size>0x1eb</size>
         <input_file_ref idref="fl-11"/>
      </object_component>
      <object_component id="oc-27c">
         <name>.debug_info</name>
         <load_address>0x8fe6</load_address>
         <run_address>0x8fe6</run_address>
         <size>0x1ed</size>
         <input_file_ref idref="fl-11"/>
      </object_component>
      <object_component id="oc-ea">
         <name>.debug_info</name>
         <load_address>0x91d3</load_address>
         <run_address>0x91d3</run_address>
         <size>0x216</size>
         <input_file_ref idref="fl-11"/>
      </object_component>
      <object_component id="oc-276">
         <name>.debug_info</name>
         <load_address>0x93e9</load_address>
         <run_address>0x93e9</run_address>
         <size>0x1c0</size>
         <input_file_ref idref="fl-11"/>
      </object_component>
      <object_component id="oc-13e">
         <name>.debug_info</name>
         <load_address>0x95a9</load_address>
         <run_address>0x95a9</run_address>
         <size>0x283</size>
         <input_file_ref idref="fl-11"/>
      </object_component>
      <object_component id="oc-26a">
         <name>.debug_info</name>
         <load_address>0x982c</load_address>
         <run_address>0x982c</run_address>
         <size>0x1bf</size>
         <input_file_ref idref="fl-11"/>
      </object_component>
      <object_component id="oc-270">
         <name>.debug_info</name>
         <load_address>0x99eb</load_address>
         <run_address>0x99eb</run_address>
         <size>0x1d4</size>
         <input_file_ref idref="fl-11"/>
      </object_component>
      <object_component id="oc-1f9">
         <name>.debug_info</name>
         <load_address>0x9bbf</load_address>
         <run_address>0x9bbf</run_address>
         <size>0x232</size>
         <input_file_ref idref="fl-12"/>
      </object_component>
      <object_component id="oc-358">
         <name>.debug_info</name>
         <load_address>0x9df1</load_address>
         <run_address>0x9df1</run_address>
         <size>0xf6</size>
         <input_file_ref idref="fl-12"/>
      </object_component>
      <object_component id="oc-304">
         <name>.debug_info</name>
         <load_address>0x9ee7</load_address>
         <run_address>0x9ee7</run_address>
         <size>0xfa</size>
         <input_file_ref idref="fl-12"/>
      </object_component>
      <object_component id="oc-234">
         <name>.debug_info</name>
         <load_address>0x9fe1</load_address>
         <run_address>0x9fe1</run_address>
         <size>0x2dc</size>
         <input_file_ref idref="fl-12"/>
      </object_component>
      <object_component id="oc-239">
         <name>.debug_info</name>
         <load_address>0xa2bd</load_address>
         <run_address>0xa2bd</run_address>
         <size>0x2df</size>
         <input_file_ref idref="fl-12"/>
      </object_component>
      <object_component id="oc-23f">
         <name>.debug_info</name>
         <load_address>0xa59c</load_address>
         <run_address>0xa59c</run_address>
         <size>0x2e1</size>
         <input_file_ref idref="fl-12"/>
      </object_component>
      <object_component id="oc-24a">
         <name>.debug_info</name>
         <load_address>0xa87d</load_address>
         <run_address>0xa87d</run_address>
         <size>0x19c</size>
         <input_file_ref idref="fl-12"/>
      </object_component>
      <object_component id="oc-1eb">
         <name>.debug_info</name>
         <load_address>0xaa19</load_address>
         <run_address>0xaa19</run_address>
         <size>0x198</size>
         <input_file_ref idref="fl-12"/>
      </object_component>
      <object_component id="oc-f6">
         <name>.debug_info</name>
         <load_address>0xabb1</load_address>
         <run_address>0xabb1</run_address>
         <size>0x179</size>
         <input_file_ref idref="fl-12"/>
      </object_component>
      <object_component id="oc-e4">
         <name>.debug_info</name>
         <load_address>0xad2a</load_address>
         <run_address>0xad2a</run_address>
         <size>0x177</size>
         <input_file_ref idref="fl-12"/>
      </object_component>
      <object_component id="oc-f0">
         <name>.debug_info</name>
         <load_address>0xaea1</load_address>
         <run_address>0xaea1</run_address>
         <size>0x28e</size>
         <input_file_ref idref="fl-12"/>
      </object_component>
      <object_component id="oc-d8">
         <name>.debug_info</name>
         <load_address>0xb12f</load_address>
         <run_address>0xb12f</run_address>
         <size>0x1de</size>
         <input_file_ref idref="fl-12"/>
      </object_component>
      <object_component id="oc-114">
         <name>.debug_info</name>
         <load_address>0xb30d</load_address>
         <run_address>0xb30d</run_address>
         <size>0x1aa</size>
         <input_file_ref idref="fl-12"/>
      </object_component>
      <object_component id="oc-d2">
         <name>.debug_info</name>
         <load_address>0xb4b7</load_address>
         <run_address>0xb4b7</run_address>
         <size>0x1a6</size>
         <input_file_ref idref="fl-12"/>
      </object_component>
      <object_component id="oc-120">
         <name>.debug_info</name>
         <load_address>0xb65d</load_address>
         <run_address>0xb65d</run_address>
         <size>0x20a</size>
         <input_file_ref idref="fl-12"/>
      </object_component>
      <object_component id="oc-126">
         <name>.debug_info</name>
         <load_address>0xb867</load_address>
         <run_address>0xb867</run_address>
         <size>0x1fc</size>
         <input_file_ref idref="fl-12"/>
      </object_component>
      <object_component id="oc-c6">
         <name>.debug_info</name>
         <load_address>0xba63</load_address>
         <run_address>0xba63</run_address>
         <size>0x218</size>
         <input_file_ref idref="fl-12"/>
      </object_component>
      <object_component id="oc-cc">
         <name>.debug_info</name>
         <load_address>0xbc7b</load_address>
         <run_address>0xbc7b</run_address>
         <size>0x1fa</size>
         <input_file_ref idref="fl-12"/>
      </object_component>
      <object_component id="oc-108">
         <name>.debug_info</name>
         <load_address>0xbe75</load_address>
         <run_address>0xbe75</run_address>
         <size>0x17d</size>
         <input_file_ref idref="fl-12"/>
      </object_component>
      <object_component id="oc-11a">
         <name>.debug_info</name>
         <load_address>0xbff2</load_address>
         <run_address>0xbff2</run_address>
         <size>0x17f</size>
         <input_file_ref idref="fl-12"/>
      </object_component>
      <object_component id="oc-102">
         <name>.debug_info</name>
         <load_address>0xc171</load_address>
         <run_address>0xc171</run_address>
         <size>0x289</size>
         <input_file_ref idref="fl-12"/>
      </object_component>
      <object_component id="oc-2a7">
         <name>.debug_info</name>
         <load_address>0xc3fa</load_address>
         <run_address>0xc3fa</run_address>
         <size>0x209</size>
         <input_file_ref idref="fl-13"/>
      </object_component>
      <object_component id="oc-370">
         <name>.debug_info</name>
         <load_address>0xc603</load_address>
         <run_address>0xc603</run_address>
         <size>0xf9</size>
         <input_file_ref idref="fl-13"/>
      </object_component>
      <object_component id="oc-2a2">
         <name>.debug_info</name>
         <load_address>0xc6fc</load_address>
         <run_address>0xc6fc</run_address>
         <size>0x19e</size>
         <input_file_ref idref="fl-13"/>
      </object_component>
      <object_component id="oc-17b">
         <name>.debug_info</name>
         <load_address>0xc89a</load_address>
         <run_address>0xc89a</run_address>
         <size>0x1f5</size>
         <input_file_ref idref="fl-13"/>
      </object_component>
      <object_component id="oc-168">
         <name>.debug_info</name>
         <load_address>0xca8f</load_address>
         <run_address>0xca8f</run_address>
         <size>0x25c</size>
         <input_file_ref idref="fl-13"/>
      </object_component>
      <object_component id="oc-299">
         <name>.debug_info</name>
         <load_address>0xcceb</load_address>
         <run_address>0xcceb</run_address>
         <size>0x17e</size>
         <input_file_ref idref="fl-13"/>
      </object_component>
      <object_component id="oc-293">
         <name>.debug_info</name>
         <load_address>0xce69</load_address>
         <run_address>0xce69</run_address>
         <size>0x180</size>
         <input_file_ref idref="fl-13"/>
      </object_component>
      <object_component id="oc-16f">
         <name>.debug_info</name>
         <load_address>0xcfe9</load_address>
         <run_address>0xcfe9</run_address>
         <size>0x188</size>
         <input_file_ref idref="fl-13"/>
      </object_component>
      <object_component id="oc-162">
         <name>.debug_info</name>
         <load_address>0xd171</load_address>
         <run_address>0xd171</run_address>
         <size>0x18a</size>
         <input_file_ref idref="fl-13"/>
      </object_component>
      <object_component id="oc-15c">
         <name>.debug_info</name>
         <load_address>0xd2fb</load_address>
         <run_address>0xd2fb</run_address>
         <size>0x19a</size>
         <input_file_ref idref="fl-13"/>
      </object_component>
      <object_component id="oc-fc">
         <name>.debug_info</name>
         <load_address>0xd495</load_address>
         <run_address>0xd495</run_address>
         <size>0x184</size>
         <input_file_ref idref="fl-13"/>
      </object_component>
      <object_component id="oc-10e">
         <name>.debug_info</name>
         <load_address>0xd619</load_address>
         <run_address>0xd619</run_address>
         <size>0x1ab</size>
         <input_file_ref idref="fl-13"/>
      </object_component>
      <object_component id="oc-174">
         <name>.debug_info</name>
         <load_address>0xd7c4</load_address>
         <run_address>0xd7c4</run_address>
         <size>0x210</size>
         <input_file_ref idref="fl-13"/>
      </object_component>
      <object_component id="oc-180">
         <name>.debug_info</name>
         <load_address>0xd9d4</load_address>
         <run_address>0xd9d4</run_address>
         <size>0x1bf</size>
         <input_file_ref idref="fl-13"/>
      </object_component>
      <object_component id="oc-150">
         <name>.debug_info</name>
         <load_address>0xdb93</load_address>
         <run_address>0xdb93</run_address>
         <size>0x1b7</size>
         <input_file_ref idref="fl-13"/>
      </object_component>
      <object_component id="oc-156">
         <name>.debug_info</name>
         <load_address>0xdd4a</load_address>
         <run_address>0xdd4a</run_address>
         <size>0x1bd</size>
         <input_file_ref idref="fl-13"/>
      </object_component>
      <object_component id="oc-25c">
         <name>.debug_info</name>
         <load_address>0xdf07</load_address>
         <run_address>0xdf07</run_address>
         <size>0x14e</size>
         <input_file_ref idref="fl-15"/>
      </object_component>
      <object_component id="oc-31c">
         <name>.debug_info</name>
         <load_address>0xe055</load_address>
         <run_address>0xe055</run_address>
         <size>0x212</size>
         <input_file_ref idref="fl-cc"/>
      </object_component>
      <object_component id="oc-1fe">
         <name>.debug_info</name>
         <load_address>0xe267</load_address>
         <run_address>0xe267</run_address>
         <size>0x208</size>
         <input_file_ref idref="fl-cc"/>
      </object_component>
      <object_component id="oc-311">
         <name>.debug_info</name>
         <load_address>0xe46f</load_address>
         <run_address>0xe46f</run_address>
         <size>0x1c6</size>
         <input_file_ref idref="fl-cc"/>
      </object_component>
      <object_component id="oc-317">
         <name>.debug_info</name>
         <load_address>0xe635</load_address>
         <run_address>0xe635</run_address>
         <size>0x179</size>
         <input_file_ref idref="fl-cc"/>
      </object_component>
      <object_component id="oc-31d">
         <name>.debug_info</name>
         <load_address>0xe7ae</load_address>
         <run_address>0xe7ae</run_address>
         <size>0x2c</size>
         <input_file_ref idref="fl-cc"/>
      </object_component>
      <object_component id="oc-322">
         <name>.debug_info</name>
         <load_address>0xe7da</load_address>
         <run_address>0xe7da</run_address>
         <size>0x69</size>
         <input_file_ref idref="fl-cc"/>
      </object_component>
      <object_component id="oc-40">
         <name>.debug_info</name>
         <load_address>0xe843</load_address>
         <run_address>0xe843</run_address>
         <size>0x119</size>
         <input_file_ref idref="fl-cd"/>
      </object_component>
      <object_component id="oc-428">
         <name>.debug_info</name>
         <load_address>0xe95c</load_address>
         <run_address>0xe95c</run_address>
         <size>0x134</size>
         <input_file_ref idref="fl-ce"/>
      </object_component>
      <object_component id="oc-8a">
         <name>.debug_info</name>
         <load_address>0xea90</load_address>
         <run_address>0xea90</run_address>
         <size>0x1a6</size>
         <input_file_ref idref="fl-cf"/>
      </object_component>
      <object_component id="oc-4b">
         <name>.debug_info</name>
         <load_address>0xec36</load_address>
         <run_address>0xec36</run_address>
         <size>0x1d2</size>
         <input_file_ref idref="fl-cf"/>
      </object_component>
      <object_component id="oc-85">
         <name>.debug_info</name>
         <load_address>0xee08</load_address>
         <run_address>0xee08</run_address>
         <size>0x46</size>
         <input_file_ref idref="fl-cf"/>
      </object_component>
      <object_component id="oc-48">
         <name>.debug_info</name>
         <load_address>0xee4e</load_address>
         <run_address>0xee4e</run_address>
         <size>0x17a</size>
         <input_file_ref idref="fl-d0"/>
      </object_component>
      <object_component id="oc-1c">
         <name>.debug_info</name>
         <load_address>0xefc8</load_address>
         <run_address>0xefc8</run_address>
         <size>0x1ea</size>
         <input_file_ref idref="fl-d0"/>
      </object_component>
      <object_component id="oc-43">
         <name>.debug_info</name>
         <load_address>0xf1b2</load_address>
         <run_address>0xf1b2</run_address>
         <size>0x46</size>
         <input_file_ref idref="fl-d0"/>
      </object_component>
      <object_component id="oc-7d">
         <name>.debug_info</name>
         <load_address>0xf1f8</load_address>
         <run_address>0xf1f8</run_address>
         <size>0x2c</size>
         <input_file_ref idref="fl-d0"/>
      </object_component>
      <object_component id="oc-7b">
         <name>.debug_info</name>
         <load_address>0xf224</load_address>
         <run_address>0xf224</run_address>
         <size>0x170</size>
         <input_file_ref idref="fl-d1"/>
      </object_component>
      <object_component id="oc-16">
         <name>.debug_info</name>
         <load_address>0xf394</load_address>
         <run_address>0xf394</run_address>
         <size>0x250</size>
         <input_file_ref idref="fl-d1"/>
      </object_component>
      <object_component id="oc-33">
         <name>.debug_info</name>
         <load_address>0xf5e4</load_address>
         <run_address>0xf5e4</run_address>
         <size>0x60</size>
         <input_file_ref idref="fl-d1"/>
      </object_component>
      <object_component id="oc-b5">
         <name>.debug_info</name>
         <load_address>0xf644</load_address>
         <run_address>0xf644</run_address>
         <size>0x46</size>
         <input_file_ref idref="fl-d1"/>
      </object_component>
      <object_component id="oc-76">
         <name>.debug_info</name>
         <load_address>0xf68a</load_address>
         <run_address>0xf68a</run_address>
         <size>0x39</size>
         <input_file_ref idref="fl-d1"/>
      </object_component>
      <object_component id="oc-32a">
[...]
      </symbol>
      <symbol id="sm-210">
         <name>testfillrects</name>
         <value>0x200059d5</value>
         <object_component_ref idref="oc-191"/>
      </symbol>
      <symbol id="sm-211">
         <name>testdrawrects</name>
         <value>0x20005975</value>
         <object_component_ref idref="oc-191"/>
      </symbol>
      <symbol id="sm-212">
         <name>testfillcircles</name>
         <value>0x20005a93</value>
         <object_component_ref idref="oc-191"/>
      </symbol>
      <symbol id="sm-263">
         <name>GetCmd</name>
         <value>0x20006a37</value>
         <object_component_ref idref="oc-dd"/>
      </symbol>
      <symbol id="sm-264">
         <name>Message</name>
         <value>0x200069d3</value>
         <object_component_ref idref="oc-dd"/>
      </symbol>
      <symbol id="sm-265">
         <name>Report</name>
         <value>0x20006b75</value>
         <object_component_ref idref="oc-dd"/>
      </symbol>
      <symbol id="sm-266">
         <name>Error</name>
         <value>0x200069ff</value>
         <object_component_ref idref="oc-dd"/>
      </symbol>
      <symbol id="sm-267">
         <name>InitTerm</name>
         <value>0x200069b5</value>
         <object_component_ref idref="oc-dd"/>
      </symbol>
      <symbol id="sm-268">
         <name>ClearTerm</name>
         <value>0x200069f5</value>
         <object_component_ref idref="oc-dd"/>
      </symbol>
      <symbol id="sm-269">
         <name>TrimSpace</name>
         <value>0x20006add</value>
         <object_component_ref idref="oc-dd"/>
      </symbol>
      <symbol id="sm-27d">
         <name>GPIODirModeSet</name>
         <value>0x20008cd1</value>
         <object_component_ref idref="oc-2c7"/>
      </symbol>
      <symbol id="sm-27e">
         <name>GPIOPinWrite</name>
         <value>0x20008f03</value>
         <object_component_ref idref="oc-2ae"/>
      </symbol>
      <symbol id="sm-2b7">
         <name>IntVTableBaseSet</name>
         <value>0x200091cd</value>
         <object_component_ref idref="oc-12b"/>
      </symbol>
      <symbol id="sm-2b8">
         <name>IntEnable</name>
         <value>0x20008005</value>
         <object_component_ref idref="oc-137"/>
      </symbol>
      <symbol id="sm-2b9">
         <name>IntRegister</name>
         <value>0x20008f25</value>
         <object_component_ref idref="oc-24f"/>
      </symbol>
      <symbol id="sm-2ba">
         <name>IntMasterEnable</name>
         <value>0x20009241</value>
         <object_component_ref idref="oc-131"/>
      </symbol>
      <symbol id="sm-2f9">
         <name>PinTypeUART</name>
         <value>0x20009087</value>
         <object_component_ref idref="oc-2d3"/>
      </symbol>
      <symbol id="sm-2fa">
         <name>PinTypeGPIO</name>
         <value>0x20008d07</value>
         <object_component_ref idref="oc-2c1"/>
      </symbol>
      <symbol id="sm-2fb">
         <name>PinConfigSet</name>
         <value>0x20008315</value>
         <object_component_ref idref="oc-37e"/>
      </symbol>
      <symbol id="sm-2fc">
         <name>PinTypeSPI</name>
         <value>0x2000906d</value>
         <object_component_ref idref="oc-2cd"/>
      </symbol>
      <symbol id="sm-2fd">
         <name>PinModeSet</name>
         <value>0x20008bd5</value>
         <object_component_ref idref="oc-2bb"/>
      </symbol>
      <symbol id="sm-383">
         <name>PRCMPeripheralReset</name>
         <value>0x20008841</value>
         <object_component_ref idref="oc-275"/>
      </symbol>
      <symbol id="sm-384">
         <name>PRCMPeripheralClkEnable</name>
         <value>0x20008c95</value>
         <object_component_ref idref="oc-185"/>
      </symbol>
      <symbol id="sm-385">
         <name>PRCMPeripheralClockGet</name>
         <value>0x20008281</value>
         <object_component_ref idref="oc-e9"/>
      </symbol>
      <symbol id="sm-386">
         <name>PRCMCC3200MCUInit</name>
         <value>0x2000721d</value>
         <object_component_ref idref="oc-13d"/>
      </symbol>
      <symbol id="sm-387">
         <name>PRCMHIBRegWrite</name>
         <value>0x2000915f</value>
         <object_component_ref idref="oc-26f"/>
      </symbol>
      <symbol id="sm-388">
         <name>PRCMSysResetCauseGet</name>
         <value>0x20008dc9</value>
         <object_component_ref idref="oc-263"/>
      </symbol>
      <symbol id="sm-389">
         <name>PRCMPeripheralClkDisable</name>
         <value>0x20008e21</value>
         <object_component_ref idref="oc-27b"/>
      </symbol>
      <symbol id="sm-38a">
         <name>PRCMHIBRegRead</name>
         <value>0x20009149</value>
         <object_component_ref idref="oc-269"/>
      </symbol>
      <symbol id="sm-47b">
         <name>SPITransfer</name>
         <value>0x2000839d</value>
         <object_component_ref idref="oc-101"/>
      </symbol>
      <symbol id="sm-47c">
         <name>SPICSEnable</name>
         <value>0x200090b9</value>
         <object_component_ref idref="oc-107"/>
      </symbol>
      <symbol id="sm-47d">
         <name>SPIDataGetNonBlocking</name>
         <value>0x20008df5</value>
         <object_component_ref idref="oc-d7"/>
      </symbol>
      <symbol id="sm-47e">
         <name>SPIDataPut</name>
         <value>0x20008f65</value>
         <object_component_ref idref="oc-d1"/>
      </symbol>
      <symbol id="sm-47f">
         <name>SPIEnable</name>
         <value>0x200090d1</value>
         <object_component_ref idref="oc-f5"/>
      </symbol>
      <symbol id="sm-480">
         <name>SPIDataGet</name>
         <value>0x20008f45</value>
         <object_component_ref idref="oc-113"/>
      </symbol>
      <symbol id="sm-481">
         <name>SPIConfigSetExpClk</name>
         <value>0x200080ad</value>
         <object_component_ref idref="oc-ef"/>
      </symbol>
      <symbol id="sm-482">
         <name>SPIIntRegister</name>
         <value>0x20008f83</value>
         <object_component_ref idref="oc-11f"/>
      </symbol>
      <symbol id="sm-483">
         <name>SPIReset</name>
         <value>0x20008ee1</value>
         <object_component_ref idref="oc-e3"/>
      </symbol>
      <symbol id="sm-484">
         <name>SPIIntStatus</name>
         <value>0x20008531</value>
         <object_component_ref idref="oc-c5"/>
      </symbol>
      <symbol id="sm-485">
         <name>SPIIntEnable</name>
         <value>0x20008995</value>
         <object_component_ref idref="oc-125"/>
      </symbol>
      <symbol id="sm-486">
         <name>SPIIntClear</name>
         <value>0x20008a79</value>
         <object_component_ref idref="oc-cb"/>
      </symbol>
      <symbol id="sm-487">
         <name>SPICSDisable</name>
         <value>0x200090a1</value>
         <object_component_ref idref="oc-119"/>
      </symbol>
      <symbol id="sm-518">
         <name>UARTFIFODisable</name>
         <value>0x2000918b</value>
         <object_component_ref idref="oc-16d"/>
      </symbol>
      <symbol id="sm-519">
         <name>UARTConfigSetExpClk</name>
         <value>0x20008627</value>
         <object_component_ref idref="oc-167"/>
      </symbol>
      <symbol id="sm-51a">
         <name>UARTDisable</name>
         <value>0x20008d39</value>
         <object_component_ref idref="oc-292"/>
      </symbol>
      <symbol id="sm-51b">
         <name>UARTIntEnable</name>
         <value>0x20009119</value>
         <object_component_ref idref="oc-17f"/>
      </symbol>
      <symbol id="sm-51c">
         <name>UARTCharsAvail</name>
         <value>0x200090e9</value>
         <object_component_ref idref="oc-161"/>
      </symbol>
      <symbol id="sm-51d">
         <name>UARTCharGetNonBlocking</name>
         <value>0x20008ffb</value>
         <object_component_ref idref="oc-15b"/>
      </symbol>
      <symbol id="sm-51e">
         <name>UARTCharPut</name>
         <value>0x20008fa1</value>
         <object_component_ref idref="oc-10d"/>
      </symbol>
      <symbol id="sm-51f">
         <name>UARTEnable</name>
         <value>0x20008e99</value>
         <object_component_ref idref="oc-298"/>
      </symbol>
      <symbol id="sm-520">
         <name>UARTIntClear</name>
         <value>0x200091f5</value>
         <object_component_ref idref="oc-155"/>
      </symbol>
      <symbol id="sm-521">
         <name>UARTIntStatus</name>
         <value>0x20008fdd</value>
         <object_component_ref idref="oc-14f"/>
      </symbol>
      <symbol id="sm-522">
         <name>UARTCharGet</name>
         <value>0x20009175</value>
         <object_component_ref idref="oc-fb"/>
      </symbol>
      <symbol id="sm-523">
         <name>UARTFIFOLevelSet</name>
         <value>0x20009101</value>
         <object_component_ref idref="oc-179"/>
      </symbol>
      <symbol id="sm-524">
         <name>UARTIntRegister</name>
         <value>0x20008fbf</value>
         <object_component_ref idref="oc-173"/>
      </symbol>
      <symbol id="sm-528">
         <name>UtilsDelay</name>
         <value>0x2000925d</value>
         <object_component_ref idref="oc-361"/>
      </symbol>
      <symbol id="sm-532">
         <name>CPUcpsie</name>
         <value>0x200091b7</value>
         <object_component_ref idref="oc-258"/>
      </symbol>
      <symbol id="sm-562">
         <name>vsnprintf</name>
         <value>0x20008c15</value>
         <object_component_ref idref="oc-1fa"/>
      </symbol>
      <symbol id="sm-57d">
         <name>memcpy</name>
         <value>0x2000814d</value>
         <object_component_ref idref="oc-3d"/>
      </symbol>
      <symbol id="sm-57e">
         <name>__aeabi_memcpy</name>
         <value>0x2000814d</value>
         <object_component_ref idref="oc-3d"/>
      </symbol>
      <symbol id="sm-57f">
         <name>__aeabi_memcpy8</name>
         <value>0x2000814d</value>
         <object_component_ref idref="oc-3d"/>
      </symbol>
      <symbol id="sm-580">
         <name>__aeabi_memcpy4</name>
         <value>0x2000814d</value>
         <object_component_ref idref="oc-3d"/>
      </symbol>
      <symbol id="sm-58d">
         <name>__aeabi_uldivmod</name>
         <value>0x200081e9</value>
         <object_component_ref idref="oc-426"/>
      </symbol>
      <symbol id="sm-5a1">
         <name>__TI_zero_init_nomemset</name>
         <value>0x20009017</value>
         <object_component_ref idref="oc-49"/>
      </symbol>
      <symbol id="sm-5b8">
         <name>__TI_decompress_none</name>
         <value>0x20009219</value>
         <object_component_ref idref="oc-1b"/>
      </symbol>
      <symbol id="sm-5db">
         <name>__TI_decompress_lzss</name>
         <value>0x2000877b</value>
         <object_component_ref idref="oc-15"/>
      </symbol>
      <symbol id="sm-5ec">
         <name>memmove</name>
         <value>0x20008e71</value>
         <object_component_ref idref="oc-206"/>
      </symbol>
      <symbol id="sm-68a">
         <name>_sys_memory</name>
         <value>0x20017000</value>
         <object_component_ref idref="oc-23"/>
      </symbol>
      <symbol id="sm-68b">
         <name>free</name>
         <value>0x20007a61</value>
         <object_component_ref idref="oc-218"/>
      </symbol>
      <symbol id="sm-68c">
         <name>realloc</name>
         <value>0x20007b45</value>
         <object_component_ref idref="oc-212"/>
      </symbol>
      <symbol id="sm-68d">
         <name>memalign</name>
         <value>0x20007865</value>
         <object_component_ref idref="oc-32b"/>
      </symbol>
      <symbol id="sm-68e">
         <name>malloc</name>
         <value>0x20009255</value>
         <object_component_ref idref="oc-20c"/>
      </symbol>
      <symbol id="sm-68f">
         <name>aligned_alloc</name>
         <value>0x20007865</value>
         <object_component_ref idref="oc-32b"/>
      </symbol>
      <symbol id="sm-69d">
         <name>strlen</name>
         <value>0x200091e1</value>
         <object_component_ref idref="oc-200"/>
      </symbol>
      <symbol id="sm-6af">
         <name>__stack</name>
         <value>0x2002f800</value>
         <object_component_ref idref="oc-26"/>
      </symbol>
      <symbol id="sm-6b0">
         <name>_c_int00_noargs</name>
         <value>0x20008ebd</value>
         <object_component_ref idref="oc-5b"/>
      </symbol>
      <symbol id="sm-815">
         <name>__TI_printfi</name>
         <value>0x20004e81</value>
         <object_component_ref idref="oc-309"/>
      </symbol>
      <symbol id="sm-81f">
         <name>__aeabi_idiv0</name>
         <value>0x2000721b</value>
         <object_component_ref idref="oc-4a2"/>
      </symbol>
      <symbol id="sm-820">
         <name>__aeabi_ldiv0</name>
         <value>0x2000721b</value>
         <object_component_ref idref="oc-4a2"/>
      </symbol>
      <symbol id="sm-837">
         <name>__aeabi_dsub</name>
         <value>0x20007065</value>
         <object_component_ref idref="oc-44c"/>
      </symbol>
      <symbol id="sm-838">
         <name>__aeabi_dadd</name>
         <value>0x2000706f</value>
         <object_component_ref idref="oc-44c"/>
      </symbol>
      <symbol id="sm-85a">
         <name>__aeabi_cdcmpeq</name>
         <value>0x20008425</value>
         <object_component_ref idref="oc-3b7"/>
      </symbol>
      <symbol id="sm-85b">
         <name>__aeabi_cdcmple</name>
         <value>0x20008425</value>
         <object_component_ref idref="oc-3b7"/>
      </symbol>
      <symbol id="sm-85c">
         <name>__aeabi_cdrcmple</name>
         <value>0x200084ab</value>
         <object_component_ref idref="oc-437"/>
      </symbol>
      <symbol id="sm-870">
         <name>__aeabi_ddiv</name>
         <value>0x2000760d</value>
         <object_component_ref idref="oc-432"/>
      </symbol>
      <symbol id="sm-87b">
         <name>__aeabi_dmul</name>
         <value>0x20007965</value>
         <object_component_ref idref="oc-42d"/>
      </symbol>
      <symbol id="sm-885">
         <name>__aeabi_d2iz</name>
         <value>0x20008ac1</value>
         <object_component_ref idref="oc-43c"/>
      </symbol>
      <symbol id="sm-88f">
         <name>__aeabi_i2d</name>
         <value>0x20008d99</value>
         <object_component_ref idref="oc-447"/>
      </symbol>
      <symbol id="sm-89e">
         <name>__aeabi_memset</name>
         <value>0x200085af</value>
         <object_component_ref idref="oc-8b"/>
      </symbol>
      <symbol id="sm-89f">
         <name>memset</name>
         <value>0x200085b5</value>
         <object_component_ref idref="oc-8b"/>
      </symbol>
      <symbol id="sm-8a0">
         <name>__aeabi_memset8</name>
         <value>0x200085af</value>
         <object_component_ref idref="oc-8b"/>
      </symbol>
      <symbol id="sm-8a1">
         <name>__aeabi_memset4</name>
         <value>0x200085af</value>
         <object_component_ref idref="oc-8b"/>
      </symbol>
      <symbol id="sm-8a2">
         <name>__aeabi_memclr8</name>
         <value>0x200085ad</value>
         <object_component_ref idref="oc-8b"/>
      </symbol>
      <symbol id="sm-8a3">
         <name>__aeabi_memclr4</name>
         <value>0x200085ad</value>
         <object_component_ref idref="oc-8b"/>
      </symbol>
      <symbol id="sm-8a4">
         <name>__aeabi_memclr</name>
         <value>0x200085ad</value>
         <object_component_ref idref="oc-8b"/>
      </symbol>
      <symbol id="sm-8cc">
         <name>__TI_auto_init_nobinit_nopinit</name>
         <value>0x20008b91</value>
         <object_component_ref idref="oc-1b8"/>
      </symbol>
      <symbol id="sm-8d6">
         <name>_system_pre_init</name>
         <value>0x20009263</value>
         <object_component_ref idref="oc-91"/>
      </symbol>
      <symbol id="sm-8e2">
         <name>C$$EXIT</name>
         <value>0x20009267</value>
         <object_component_ref idref="oc-1ac"/>
      </symbol>
      <symbol id="sm-8e3">
         <name>abort</name>
         <value>0x20009267</value>
         <object_component_ref idref="oc-1ac"/>
      </symbol>
      <symbol id="sm-8f8">
         <name>_nop</name>
         <value>0x200069b3</value>
         <object_component_ref idref="oc-38a"/>
      </symbol>
      <symbol id="sm-8f9">
         <name>_lock</name>
         <value>0x20017940</value>
         <object_component_ref idref="oc-2e7"/>
      </symbol>
      <symbol id="sm-8fa">
         <name>_unlock</name>
         <value>0x20017944</value>
         <object_component_ref idref="oc-2e7"/>
      </symbol>
      <symbol id="sm-909">
         <name>__TI_ltoa</name>
         <value>0x200088ef</value>
         <object_component_ref idref="oc-441"/>
      </symbol>
      <symbol id="sm-920">
         <name>atoi</name>
         <value>0x20008a2d</value>
         <object_component_ref idref="oc-3ab"/>
      </symbol>
      <symbol id="sm-92b">
         <name>_ctypes_</name>
         <value>0x20009767</value>
         <object_component_ref idref="oc-421"/>
      </symbol>
      <symbol id="sm-93b">
         <name>memccpy</name>
         <value>0x20009051</value>
         <object_component_ref idref="oc-3d4"/>
      </symbol>
      <symbol id="sm-94b">
         <name>strchr</name>
         <value>0x200091a1</value>
         <object_component_ref idref="oc-478"/>
      </symbol>
      <symbol id="sm-961">
         <name>__aeabi_errno_addr</name>
         <value>0x2000924d</value>
         <object_component_ref idref="oc-3e0"/>
      </symbol>
      <symbol id="sm-962">
         <name>errno</name>
         <value>0x20017958</value>
         <object_component_ref idref="oc-488"/>
      </symbol>
      <symbol id="sm-97b">
         <name>wcslen</name>
         <value>0x20009207</value>
         <object_component_ref idref="oc-3da"/>
      </symbol>
      <symbol id="sm-99b">
         <name>frexpl</name>
         <value>0x200087e5</value>
         <object_component_ref idref="oc-46c"/>
      </symbol>
      <symbol id="sm-99c">
         <name>frexp</name>
         <value>0x200087e5</value>
         <object_component_ref idref="oc-46c"/>
      </symbol>
      <symbol id="sm-9ba">
         <name>scalbn</name>
         <value>0x20007cf9</value>
         <object_component_ref idref="oc-472"/>
      </symbol>
      <symbol id="sm-9bb">
         <name>scalbnl</name>
         <value>0x20007cf9</value>
         <object_component_ref idref="oc-472"/>
      </symbol>
      <symbol id="sm-9bc">
         <name>ldexpl</name>
         <value>0x20007cf9</value>
         <object_component_ref idref="oc-472"/>
      </symbol>
      <symbol id="sm-9bd">
         <name>ldexp</name>
         <value>0x20007cf9</value>
         <object_component_ref idref="oc-472"/>
      </symbol>
      <symbol id="sm-9c7">
         <name>copysign</name>
         <value>0x20009235</value>
         <object_component_ref idref="oc-4bb"/>
      </symbol>
      <symbol id="sm-9c8">
         <name>copysignl</name>
         <value>0x20009235</value>
         <object_component_ref idref="oc-4bb"/>
      </symbol>
      <symbol id="sm-9c9">
         <name>__TI_static_base__</name>
         <value>0x20009a78</value>
      </symbol>
      <symbol id="sm-9cc">
         <name>__mpu_init</name>
         <value>0x0</value>
      </symbol>
      <symbol id="sm-9cd">
         <name>_system_post_cinit</name>
         <value>0x0</value>
      </symbol>
   </symbol_table>
   <title>Link successful</title>
</link_info>
